﻿
> bot@0.0.1 test
> jest signal-provider.service.test.ts --verbose

  console.warn
    Signal provider UNKNOWN_PROVIDER not registered

    [0m [90m 108 |[39m         [36mconst[39m providerInstance [33m=[39m [36mthis[39m[33m.[39mproviders[33m.[39m[36mget[39m(provider)[33m;[39m
     [90m 109 |[39m         [36mif[39m ([33m![39mproviderInstance) {
    [31m[1m>[22m[39m[90m 110 |[39m             console[33m.[39mwarn([32m`Signal provider ${provider} not registered`[39m)[33m;[39m
     [90m     |[39m                     [31m[1m^[22m[39m
     [90m 111 |[39m             [36mreturn[39m [36mnull[39m[33m;[39m
     [90m 112 |[39m         }
     [90m 113 |[39m[0m

      at SignalProviderManager.call (src/services/auto-strategy/signal-provider.service.ts:110:21)
      at tryCatch (src/services/auto-strategy/signal-provider.service.ts:2:1)
      at Generator._invoke (src/services/auto-strategy/signal-provider.service.ts:2:1)
      at Generator.next (src/services/auto-strategy/signal-provider.service.ts:2:1)
      at asyncGeneratorStep (src/services/auto-strategy/signal-provider.service.ts:2:1)
      at _next (src/services/auto-strategy/signal-provider.service.ts:2:1)
      at src/services/auto-strategy/signal-provider.service.ts:2:1
      at SignalProviderManager.apply (src/services/auto-strategy/signal-provider.service.ts:2:1)
      at SignalProviderManager.getSignal (src/services/auto-strategy/signal-provider.service.ts:107:20)
      at call (src/services/auto-strategy/__tests__/signal-provider.service.test.ts:107:42)
      at tryCatch (src/services/auto-strategy/__tests__/signal-provider.service.test.ts:2:1)
      at Generator._invoke (src/services/auto-strategy/__tests__/signal-provider.service.test.ts:2:1)
      at Generator.next (src/services/auto-strategy/__tests__/signal-provider.service.test.ts:2:1)
      at asyncGeneratorStep (src/services/auto-strategy/__tests__/signal-provider.service.test.ts:2:1)
      at _next (src/services/auto-strategy/__tests__/signal-provider.service.test.ts:2:1)
      at src/services/auto-strategy/__tests__/signal-provider.service.test.ts:2:1
      at Object.<anonymous> (src/services/auto-strategy/__tests__/signal-provider.service.test.ts:2:1)

  console.warn
    Failed to fetch signal from zeus_ai: Error: Provider unavailable
        at call (C:\Users\user\Desktop\MrDeveloper\zeustradinghub\src\services\auto-strategy\__tests__\signal-provider.service.test.ts:113:71)
        at tryCatch (C:\Users\user\Desktop\MrDeveloper\zeustradinghub\src\services\auto-strategy\__tests__\signal-provider.service.test.ts:2:1)
        at Generator._invoke (C:\Users\user\Desktop\MrDeveloper\zeustradinghub\src\services\auto-strategy\__tests__\signal-provider.service.test.ts:2:1)
        at Generator.next (C:\Users\user\Desktop\MrDeveloper\zeustradinghub\src\services\auto-strategy\__tests__\signal-provider.service.test.ts:2:1)
        at asyncGeneratorStep (C:\Users\user\Desktop\MrDeveloper\zeustradinghub\src\services\auto-strategy\__tests__\signal-provider.service.test.ts:2:1)
        at _next (C:\Users\user\Desktop\MrDeveloper\zeustradinghub\src\services\auto-strategy\__tests__\signal-provider.service.test.ts:2:1)
        at C:\Users\user\Desktop\MrDeveloper\zeustradinghub\src\services\auto-strategy\__tests__\signal-provider.service.test.ts:2:1
        at new Promise (<anonymous>)
        at Object.<anonymous> (C:\Users\user\Desktop\MrDeveloper\zeustradinghub\src\services\auto-strategy\__tests__\signal-provider.service.test.ts:2:1)
        at Promise.then.completed (C:\Users\user\Desktop\MrDeveloper\zeustradinghub\node_modules\jest-circus\build\utils.js:298:28)
        at new Promise (<anonymous>)
        at callAsyncCircusFn (C:\Users\user\Desktop\MrDeveloper\zeustradinghub\node_modules\jest-circus\build\utils.js:231:10)
        at _callCircusTest (C:\Users\user\Desktop\MrDeveloper\zeustradinghub\node_modules\jest-circus\build\run.js:316:40)
        at processTicksAndRejections (node:internal/process/task_queues:103:5)
        at async _runTest (C:\Users\user\Desktop\MrDeveloper\zeustradinghub\node_modules\jest-circus\build\run.js:252:3)
        at async _runTestsForDescribeBlock (C:\Users\user\Desktop\MrDeveloper\zeustradinghub\node_modules\jest-circus\build\run.js:126:9)
        at async _runTestsForDescribeBlock (C:\Users\user\Desktop\MrDeveloper\zeustradinghub\node_modules\jest-circus\build\run.js:121:9)
        at async _runTestsForDescribeBlock (C:\Users\user\Desktop\MrDeveloper\zeustradinghub\node_modules\jest-circus\build\run.js:121:9)
        at async run (C:\Users\user\Desktop\MrDeveloper\zeustradinghub\node_modules\jest-circus\build\run.js:71:3)
        at async runAndTransformResultsToJestFormat (C:\Users\user\Desktop\MrDeveloper\zeustradinghub\node_modules\jest-circus\build\legacy-code-todo-rewrite\jestAdapterInit.js:122:21)
        at async jestAdapter (C:\Users\user\Desktop\MrDeveloper\zeustradinghub\node_modules\jest-circus\build\legacy-code-todo-rewrite\jestAdapter.js:79:19)
        at async runTestInternal (C:\Users\user\Desktop\MrDeveloper\zeustradinghub\node_modules\jest-runner\build\runTest.js:367:16)
        at async runTest (C:\Users\user\Desktop\MrDeveloper\zeustradinghub\node_modules\jest-runner\build\runTest.js:444:34)

    [0m [90m 134 |[39m             [36mreturn[39m signal[33m;[39m
     [90m 135 |[39m         } [36mcatch[39m (error) {
    [31m[1m>[22m[39m[90m 136 |[39m             console[33m.[39mwarn([32m`Failed to fetch signal from ${provider}:`[39m[33m,[39m error)[33m;[39m
     [90m     |[39m                     [31m[1m^[22m[39m
     [90m 137 |[39m             [36mreturn[39m [36mnull[39m[33m;[39m
     [90m 138 |[39m         }
     [90m 139 |[39m     }[0m

      at SignalProviderManager.call (src/services/auto-strategy/signal-provider.service.ts:136:21)
      at tryCatch (src/services/auto-strategy/signal-provider.service.ts:2:1)
      at Generator._invoke (src/services/auto-strategy/signal-provider.service.ts:2:1)
      at Generator.throw (src/services/auto-strategy/signal-provider.service.ts:2:1)
      at asyncGeneratorStep (src/services/auto-strategy/signal-provider.service.ts:2:1)
      at _throw (src/services/auto-strategy/signal-provider.service.ts:2:1)

  console.warn
    Failed to fetch signal from zeus_ai: Error: Signal fetch timeout
        at C:\Users\user\Desktop\MrDeveloper\zeustradinghub\src\services\auto-strategy\signal-provider.service.ts:169:41
        at callTimer (C:\Users\user\Desktop\MrDeveloper\zeustradinghub\node_modules\@sinonjs\fake-timers\src\fake-timers-src.js:744:24)
        at doTickInner (C:\Users\user\Desktop\MrDeveloper\zeustradinghub\node_modules\@sinonjs\fake-timers\src\fake-timers-src.js:1312:29)
        at doTick (C:\Users\user\Desktop\MrDeveloper\zeustradinghub\node_modules\@sinonjs\fake-timers\src\fake-timers-src.js:1393:20)
        at Object.tick (C:\Users\user\Desktop\MrDeveloper\zeustradinghub\node_modules\@sinonjs\fake-timers\src\fake-timers-src.js:1401:20)
        at FakeTimers.advanceTimersByTime (C:\Users\user\Desktop\MrDeveloper\zeustradinghub\node_modules\@jest\fake-timers\build\modernFakeTimers.js:94:19)
        at Object.advanceTimersByTime (C:\Users\user\Desktop\MrDeveloper\zeustradinghub\node_modules\jest-runtime\build\index.js:2027:26)
        at call (C:\Users\user\Desktop\MrDeveloper\zeustradinghub\src\services\auto-strategy\__tests__\signal-provider.service.test.ts:274:18)
        at tryCatch (C:\Users\user\Desktop\MrDeveloper\zeustradinghub\src\services\auto-strategy\__tests__\signal-provider.service.test.ts:2:1)
        at Generator._invoke (C:\Users\user\Desktop\MrDeveloper\zeustradinghub\src\services\auto-strategy\__tests__\signal-provider.service.test.ts:2:1)
        at Generator.next (C:\Users\user\Desktop\MrDeveloper\zeustradinghub\src\services\auto-strategy\__tests__\signal-provider.service.test.ts:2:1)
        at asyncGeneratorStep (C:\Users\user\Desktop\MrDeveloper\zeustradinghub\src\services\auto-strategy\__tests__\signal-provider.service.test.ts:2:1)
        at _next (C:\Users\user\Desktop\MrDeveloper\zeustradinghub\src\services\auto-strategy\__tests__\signal-provider.service.test.ts:2:1)
        at C:\Users\user\Desktop\MrDeveloper\zeustradinghub\src\services\auto-strategy\__tests__\signal-provider.service.test.ts:2:1
        at new Promise (<anonymous>)
        at Object.<anonymous> (C:\Users\user\Desktop\MrDeveloper\zeustradinghub\src\services\auto-strategy\__tests__\signal-provider.service.test.ts:2:1)
        at Promise.then.completed (C:\Users\user\Desktop\MrDeveloper\zeustradinghub\node_modules\jest-circus\build\utils.js:298:28)
        at new Promise (<anonymous>)
        at callAsyncCircusFn (C:\Users\user\Desktop\MrDeveloper\zeustradinghub\node_modules\jest-circus\build\utils.js:231:10)
        at _callCircusTest (C:\Users\user\Desktop\MrDeveloper\zeustradinghub\node_modules\jest-circus\build\run.js:316:40)
        at processTicksAndRejections (node:internal/process/task_queues:103:5)
        at async _runTest (C:\Users\user\Desktop\MrDeveloper\zeustradinghub\node_modules\jest-circus\build\run.js:252:3)
        at async _runTestsForDescribeBlock (C:\Users\user\Desktop\MrDeveloper\zeustradinghub\node_modules\jest-circus\build\run.js:126:9)
        at async _runTestsForDescribeBlock (C:\Users\user\Desktop\MrDeveloper\zeustradinghub\node_modules\jest-circus\build\run.js:121:9)
        at async _runTestsForDescribeBlock (C:\Users\user\Desktop\MrDeveloper\zeustradinghub\node_modules\jest-circus\build\run.js:121:9)
        at async run (C:\Users\user\Desktop\MrDeveloper\zeustradinghub\node_modules\jest-circus\build\run.js:71:3)
        at async runAndTransformResultsToJestFormat (C:\Users\user\Desktop\MrDeveloper\zeustradinghub\node_modules\jest-circus\build\legacy-code-todo-rewrite\jestAdapterInit.js:122:21)
        at async jestAdapter (C:\Users\user\Desktop\MrDeveloper\zeustradinghub\node_modules\jest-circus\build\legacy-code-todo-rewrite\jestAdapter.js:79:19)
        at async runTestInternal (C:\Users\user\Desktop\MrDeveloper\zeustradinghub\node_modules\jest-runner\build\runTest.js:367:16)
        at async runTest (C:\Users\user\Desktop\MrDeveloper\zeustradinghub\node_modules\jest-runner\build\runTest.js:444:34)

    [0m [90m 134 |[39m             [36mreturn[39m signal[33m;[39m
     [90m 135 |[39m         } [36mcatch[39m (error) {
    [31m[1m>[22m[39m[90m 136 |[39m             console[33m.[39mwarn([32m`Failed to fetch signal from ${provider}:`[39m[33m,[39m error)[33m;[39m
     [90m     |[39m                     [31m[1m^[22m[39m
     [90m 137 |[39m             [36mreturn[39m [36mnull[39m[33m;[39m
     [90m 138 |[39m         }
     [90m 139 |[39m     }[0m

      at SignalProviderManager.call (src/services/auto-strategy/signal-provider.service.ts:136:21)
      at tryCatch (src/services/auto-strategy/signal-provider.service.ts:2:1)
      at Generator._invoke (src/services/auto-strategy/signal-provider.service.ts:2:1)
      at Generator.throw (src/services/auto-strategy/signal-provider.service.ts:2:1)
      at asyncGeneratorStep (src/services/auto-strategy/signal-provider.service.ts:2:1)
      at _throw (src/services/auto-strategy/signal-provider.service.ts:2:1)

  console.warn
    Failed to fetch signal from zeus_ai: Error: Signal fetch timeout
        at C:\Users\user\Desktop\MrDeveloper\zeustradinghub\src\services\auto-strategy\signal-provider.service.ts:169:41
        at callTimer (C:\Users\user\Desktop\MrDeveloper\zeustradinghub\node_modules\@sinonjs\fake-timers\src\fake-timers-src.js:744:24)
        at doTickInner (C:\Users\user\Desktop\MrDeveloper\zeustradinghub\node_modules\@sinonjs\fake-timers\src\fake-timers-src.js:1312:29)
        at doTick (C:\Users\user\Desktop\MrDeveloper\zeustradinghub\node_modules\@sinonjs\fake-timers\src\fake-timers-src.js:1393:20)
        at Object.tick (C:\Users\user\Desktop\MrDeveloper\zeustradinghub\node_modules\@sinonjs\fake-timers\src\fake-timers-src.js:1401:20)
        at FakeTimers.advanceTimersByTime (C:\Users\user\Desktop\MrDeveloper\zeustradinghub\node_modules\@jest\fake-timers\build\modernFakeTimers.js:94:19)
        at Object.advanceTimersByTime (C:\Users\user\Desktop\MrDeveloper\zeustradinghub\node_modules\jest-runtime\build\index.js:2027:26)
        at call (C:\Users\user\Desktop\MrDeveloper\zeustradinghub\src\services\auto-strategy\__tests__\signal-provider.service.test.ts:295:18)
        at tryCatch (C:\Users\user\Desktop\MrDeveloper\zeustradinghub\src\services\auto-strategy\__tests__\signal-provider.service.test.ts:2:1)
        at Generator._invoke (C:\Users\user\Desktop\MrDeveloper\zeustradinghub\src\services\auto-strategy\__tests__\signal-provider.service.test.ts:2:1)
        at Generator.next (C:\Users\user\Desktop\MrDeveloper\zeustradinghub\src\services\auto-strategy\__tests__\signal-provider.service.test.ts:2:1)
        at asyncGeneratorStep (C:\Users\user\Desktop\MrDeveloper\zeustradinghub\src\services\auto-strategy\__tests__\signal-provider.service.test.ts:2:1)
        at _next (C:\Users\user\Desktop\MrDeveloper\zeustradinghub\src\services\auto-strategy\__tests__\signal-provider.service.test.ts:2:1)
        at C:\Users\user\Desktop\MrDeveloper\zeustradinghub\src\services\auto-strategy\__tests__\signal-provider.service.test.ts:2:1
        at new Promise (<anonymous>)
        at Object.<anonymous> (C:\Users\user\Desktop\MrDeveloper\zeustradinghub\src\services\auto-strategy\__tests__\signal-provider.service.test.ts:2:1)
        at Promise.then.completed (C:\Users\user\Desktop\MrDeveloper\zeustradinghub\node_modules\jest-circus\build\utils.js:298:28)
        at new Promise (<anonymous>)
        at callAsyncCircusFn (C:\Users\user\Desktop\MrDeveloper\zeustradinghub\node_modules\jest-circus\build\utils.js:231:10)
        at _callCircusTest (C:\Users\user\Desktop\MrDeveloper\zeustradinghub\node_modules\jest-circus\build\run.js:316:40)
        at processTicksAndRejections (node:internal/process/task_queues:103:5)
        at async _runTest (C:\Users\user\Desktop\MrDeveloper\zeustradinghub\node_modules\jest-circus\build\run.js:252:3)
        at async _runTestsForDescribeBlock (C:\Users\user\Desktop\MrDeveloper\zeustradinghub\node_modules\jest-circus\build\run.js:126:9)
        at async _runTestsForDescribeBlock (C:\Users\user\Desktop\MrDeveloper\zeustradinghub\node_modules\jest-circus\build\run.js:121:9)
        at async _runTestsForDescribeBlock (C:\Users\user\Desktop\MrDeveloper\zeustradinghub\node_modules\jest-circus\build\run.js:121:9)
        at async run (C:\Users\user\Desktop\MrDeveloper\zeustradinghub\node_modules\jest-circus\build\run.js:71:3)
        at async runAndTransformResultsToJestFormat (C:\Users\user\Desktop\MrDeveloper\zeustradinghub\node_modules\jest-circus\build\legacy-code-todo-rewrite\jestAdapterInit.js:122:21)
        at async jestAdapter (C:\Users\user\Desktop\MrDeveloper\zeustradinghub\node_modules\jest-circus\build\legacy-code-todo-rewrite\jestAdapter.js:79:19)
        at async runTestInternal (C:\Users\user\Desktop\MrDeveloper\zeustradinghub\node_modules\jest-runner\build\runTest.js:367:16)
        at async runTest (C:\Users\user\Desktop\MrDeveloper\zeustradinghub\node_modules\jest-runner\build\runTest.js:444:34)

    [0m [90m 134 |[39m             [36mreturn[39m signal[33m;[39m
     [90m 135 |[39m         } [36mcatch[39m (error) {
    [31m[1m>[22m[39m[90m 136 |[39m             console[33m.[39mwarn([32m`Failed to fetch signal from ${provider}:`[39m[33m,[39m error)[33m;[39m
     [90m     |[39m                     [31m[1m^[22m[39m
     [90m 137 |[39m             [36mreturn[39m [36mnull[39m[33m;[39m
     [90m 138 |[39m         }
     [90m 139 |[39m     }[0m

      at SignalProviderManager.call (src/services/auto-strategy/signal-provider.service.ts:136:21)
      at tryCatch (src/services/auto-strategy/signal-provider.service.ts:2:1)
      at Generator._invoke (src/services/auto-strategy/signal-provider.service.ts:2:1)
      at Generator.throw (src/services/auto-strategy/signal-provider.service.ts:2:1)
      at asyncGeneratorStep (src/services/auto-strategy/signal-provider.service.ts:2:1)
      at _throw (src/services/auto-strategy/signal-provider.service.ts:2:1)

  console.warn
    Failed to fetch signal from zeus_ai: Error: Signal fetch timeout
        at C:\Users\user\Desktop\MrDeveloper\zeustradinghub\src\services\auto-strategy\signal-provider.service.ts:169:41
        at callTimer (C:\Users\user\Desktop\MrDeveloper\zeustradinghub\node_modules\@sinonjs\fake-timers\src\fake-timers-src.js:744:24)
        at doTickInner (C:\Users\user\Desktop\MrDeveloper\zeustradinghub\node_modules\@sinonjs\fake-timers\src\fake-timers-src.js:1312:29)
        at doTick (C:\Users\user\Desktop\MrDeveloper\zeustradinghub\node_modules\@sinonjs\fake-timers\src\fake-timers-src.js:1393:20)
        at Object.tick (C:\Users\user\Desktop\MrDeveloper\zeustradinghub\node_modules\@sinonjs\fake-timers\src\fake-timers-src.js:1401:20)
        at FakeTimers.advanceTimersByTime (C:\Users\user\Desktop\MrDeveloper\zeustradinghub\node_modules\@jest\fake-timers\build\modernFakeTimers.js:94:19)
        at Object.advanceTimersByTime (C:\Users\user\Desktop\MrDeveloper\zeustradinghub\node_modules\jest-runtime\build\index.js:2027:26)
        at call (C:\Users\user\Desktop\MrDeveloper\zeustradinghub\src\services\auto-strategy\__tests__\signal-provider.service.test.ts:295:18)
        at tryCatch (C:\Users\user\Desktop\MrDeveloper\zeustradinghub\src\services\auto-strategy\__tests__\signal-provider.service.test.ts:2:1)
        at Generator._invoke (C:\Users\user\Desktop\MrDeveloper\zeustradinghub\src\services\auto-strategy\__tests__\signal-provider.service.test.ts:2:1)
        at Generator.next (C:\Users\user\Desktop\MrDeveloper\zeustradinghub\src\services\auto-strategy\__tests__\signal-provider.service.test.ts:2:1)
        at asyncGeneratorStep (C:\Users\user\Desktop\MrDeveloper\zeustradinghub\src\services\auto-strategy\__tests__\signal-provider.service.test.ts:2:1)
        at _next (C:\Users\user\Desktop\MrDeveloper\zeustradinghub\src\services\auto-strategy\__tests__\signal-provider.service.test.ts:2:1)
        at C:\Users\user\Desktop\MrDeveloper\zeustradinghub\src\services\auto-strategy\__tests__\signal-provider.service.test.ts:2:1
        at new Promise (<anonymous>)
        at Object.<anonymous> (C:\Users\user\Desktop\MrDeveloper\zeustradinghub\src\services\auto-strategy\__tests__\signal-provider.service.test.ts:2:1)
        at Promise.then.completed (C:\Users\user\Desktop\MrDeveloper\zeustradinghub\node_modules\jest-circus\build\utils.js:298:28)
        at new Promise (<anonymous>)
        at callAsyncCircusFn (C:\Users\user\Desktop\MrDeveloper\zeustradinghub\node_modules\jest-circus\build\utils.js:231:10)
        at _callCircusTest (C:\Users\user\Desktop\MrDeveloper\zeustradinghub\node_modules\jest-circus\build\run.js:316:40)
        at processTicksAndRejections (node:internal/process/task_queues:103:5)
        at async _runTest (C:\Users\user\Desktop\MrDeveloper\zeustradinghub\node_modules\jest-circus\build\run.js:252:3)
        at async _runTestsForDescribeBlock (C:\Users\user\Desktop\MrDeveloper\zeustradinghub\node_modules\jest-circus\build\run.js:126:9)
        at async _runTestsForDescribeBlock (C:\Users\user\Desktop\MrDeveloper\zeustradinghub\node_modules\jest-circus\build\run.js:121:9)
        at async _runTestsForDescribeBlock (C:\Users\user\Desktop\MrDeveloper\zeustradinghub\node_modules\jest-circus\build\run.js:121:9)
        at async run (C:\Users\user\Desktop\MrDeveloper\zeustradinghub\node_modules\jest-circus\build\run.js:71:3)
        at async runAndTransformResultsToJestFormat (C:\Users\user\Desktop\MrDeveloper\zeustradinghub\node_modules\jest-circus\build\legacy-code-todo-rewrite\jestAdapterInit.js:122:21)
        at async jestAdapter (C:\Users\user\Desktop\MrDeveloper\zeustradinghub\node_modules\jest-circus\build\legacy-code-todo-rewrite\jestAdapter.js:79:19)
        at async runTestInternal (C:\Users\user\Desktop\MrDeveloper\zeustradinghub\node_modules\jest-runner\build\runTest.js:367:16)
        at async runTest (C:\Users\user\Desktop\MrDeveloper\zeustradinghub\node_modules\jest-runner\build\runTest.js:444:34)

    [0m [90m 134 |[39m             [36mreturn[39m signal[33m;[39m
     [90m 135 |[39m         } [36mcatch[39m (error) {
    [31m[1m>[22m[39m[90m 136 |[39m             console[33m.[39mwarn([32m`Failed to fetch signal from ${provider}:`[39m[33m,[39m error)[33m;[39m
     [90m     |[39m                     [31m[1m^[22m[39m
     [90m 137 |[39m             [36mreturn[39m [36mnull[39m[33m;[39m
     [90m 138 |[39m         }
     [90m 139 |[39m     }[0m

      at SignalProviderManager.call (src/services/auto-strategy/signal-provider.service.ts:136:21)
      at tryCatch (src/services/auto-strategy/signal-provider.service.ts:2:1)
      at Generator._invoke (src/services/auto-strategy/signal-provider.service.ts:2:1)
      at Generator.throw (src/services/auto-strategy/signal-provider.service.ts:2:1)
      at asyncGeneratorStep (src/services/auto-strategy/signal-provider.service.ts:2:1)
      at _throw (src/services/auto-strategy/signal-provider.service.ts:2:1)

  console.warn
    Failed to fetch signal from zeus_ai: Error: Signal fetch timeout
        at C:\Users\user\Desktop\MrDeveloper\zeustradinghub\src\services\auto-strategy\signal-provider.service.ts:169:41
        at callTimer (C:\Users\user\Desktop\MrDeveloper\zeustradinghub\node_modules\@sinonjs\fake-timers\src\fake-timers-src.js:744:24)
        at doTickInner (C:\Users\user\Desktop\MrDeveloper\zeustradinghub\node_modules\@sinonjs\fake-timers\src\fake-timers-src.js:1312:29)
        at doTick (C:\Users\user\Desktop\MrDeveloper\zeustradinghub\node_modules\@sinonjs\fake-timers\src\fake-timers-src.js:1393:20)
        at Object.tick (C:\Users\user\Desktop\MrDeveloper\zeustradinghub\node_modules\@sinonjs\fake-timers\src\fake-timers-src.js:1401:20)
        at FakeTimers.advanceTimersByTime (C:\Users\user\Desktop\MrDeveloper\zeustradinghub\node_modules\@jest\fake-timers\build\modernFakeTimers.js:94:19)
        at Object.advanceTimersByTime (C:\Users\user\Desktop\MrDeveloper\zeustradinghub\node_modules\jest-runtime\build\index.js:2027:26)
        at call (C:\Users\user\Desktop\MrDeveloper\zeustradinghub\src\services\auto-strategy\__tests__\signal-provider.service.test.ts:295:18)
        at tryCatch (C:\Users\user\Desktop\MrDeveloper\zeustradinghub\src\services\auto-strategy\__tests__\signal-provider.service.test.ts:2:1)
        at Generator._invoke (C:\Users\user\Desktop\MrDeveloper\zeustradinghub\src\services\auto-strategy\__tests__\signal-provider.service.test.ts:2:1)
        at Generator.next (C:\Users\user\Desktop\MrDeveloper\zeustradinghub\src\services\auto-strategy\__tests__\signal-provider.service.test.ts:2:1)
        at asyncGeneratorStep (C:\Users\user\Desktop\MrDeveloper\zeustradinghub\src\services\auto-strategy\__tests__\signal-provider.service.test.ts:2:1)
        at _next (C:\Users\user\Desktop\MrDeveloper\zeustradinghub\src\services\auto-strategy\__tests__\signal-provider.service.test.ts:2:1)
        at C:\Users\user\Desktop\MrDeveloper\zeustradinghub\src\services\auto-strategy\__tests__\signal-provider.service.test.ts:2:1
        at new Promise (<anonymous>)
        at Object.<anonymous> (C:\Users\user\Desktop\MrDeveloper\zeustradinghub\src\services\auto-strategy\__tests__\signal-provider.service.test.ts:2:1)
        at Promise.then.completed (C:\Users\user\Desktop\MrDeveloper\zeustradinghub\node_modules\jest-circus\build\utils.js:298:28)
        at new Promise (<anonymous>)
        at callAsyncCircusFn (C:\Users\user\Desktop\MrDeveloper\zeustradinghub\node_modules\jest-circus\build\utils.js:231:10)
        at _callCircusTest (C:\Users\user\Desktop\MrDeveloper\zeustradinghub\node_modules\jest-circus\build\run.js:316:40)
        at processTicksAndRejections (node:internal/process/task_queues:103:5)
        at async _runTest (C:\Users\user\Desktop\MrDeveloper\zeustradinghub\node_modules\jest-circus\build\run.js:252:3)
        at async _runTestsForDescribeBlock (C:\Users\user\Desktop\MrDeveloper\zeustradinghub\node_modules\jest-circus\build\run.js:126:9)
        at async _runTestsForDescribeBlock (C:\Users\user\Desktop\MrDeveloper\zeustradinghub\node_modules\jest-circus\build\run.js:121:9)
        at async _runTestsForDescribeBlock (C:\Users\user\Desktop\MrDeveloper\zeustradinghub\node_modules\jest-circus\build\run.js:121:9)
        at async run (C:\Users\user\Desktop\MrDeveloper\zeustradinghub\node_modules\jest-circus\build\run.js:71:3)
        at async runAndTransformResultsToJestFormat (C:\Users\user\Desktop\MrDeveloper\zeustradinghub\node_modules\jest-circus\build\legacy-code-todo-rewrite\jestAdapterInit.js:122:21)
        at async jestAdapter (C:\Users\user\Desktop\MrDeveloper\zeustradinghub\node_modules\jest-circus\build\legacy-code-todo-rewrite\jestAdapter.js:79:19)
        at async runTestInternal (C:\Users\user\Desktop\MrDeveloper\zeustradinghub\node_modules\jest-runner\build\runTest.js:367:16)
        at async runTest (C:\Users\user\Desktop\MrDeveloper\zeustradinghub\node_modules\jest-runner\build\runTest.js:444:34)

    [0m [90m 134 |[39m             [36mreturn[39m signal[33m;[39m
     [90m 135 |[39m         } [36mcatch[39m (error) {
    [31m[1m>[22m[39m[90m 136 |[39m             console[33m.[39mwarn([32m`Failed to fetch signal from ${provider}:`[39m[33m,[39m error)[33m;[39m
     [90m     |[39m                     [31m[1m^[22m[39m
     [90m 137 |[39m             [36mreturn[39m [36mnull[39m[33m;[39m
     [90m 138 |[39m         }
     [90m 139 |[39m     }[0m

      at SignalProviderManager.call (src/services/auto-strategy/signal-provider.service.ts:136:21)
      at tryCatch (src/services/auto-strategy/signal-provider.service.ts:2:1)
      at Generator._invoke (src/services/auto-strategy/signal-provider.service.ts:2:1)
      at Generator.throw (src/services/auto-strategy/signal-provider.service.ts:2:1)
      at asyncGeneratorStep (src/services/auto-strategy/signal-provider.service.ts:2:1)
      at _throw (src/services/auto-strategy/signal-provider.service.ts:2:1)

  console.log
    Zeus AI signal received for R_100: {
      type: 'DIGITOVER',
      prediction: 7,
      confidence: 'high',
      direction: 'up'
    }

      at src/services/auto-strategy/signal-provider.service.ts:215:25

  console.log
    Zeus AI signal received for R_100: {
      type: 'DIGITOVER',
      prediction: 7,
      confidence: 'high',
      direction: 'up'
    }

      at src/services/auto-strategy/signal-provider.service.ts:215:25

  console.log
    Zeus AI signal received for R_100: {
      type: 'DIGITOVER',
      prediction: 7,
      confidence: 'high',
      direction: 'up'
    }

      at src/services/auto-strategy/signal-provider.service.ts:215:25

  console.log
    Zeus AI signal received for R_100: {
      type: 'DIGITOVER',
      prediction: 7,
      confidence: 'high',
      direction: 'up'
    }

      at src/services/auto-strategy/signal-provider.service.ts:215:25

  console.log
    Zeus AI signal received for R_100: {
      type: 'DIGITOVER',
      prediction: 7,
      confidence: 'high',
      direction: 'up'
    }

      at src/services/auto-strategy/signal-provider.service.ts:215:25

  console.log
    Zeus AI signal received for R_100: {
      type: 'DIGITOVER',
      prediction: 7,
      confidence: 'high',
      direction: 'up'
    }

      at src/services/auto-strategy/signal-provider.service.ts:215:25

  console.log
    Zeus AI signal received for R_100: {
      type: 'DIGITOVER',
      prediction: 7,
      confidence: 'high',
      direction: 'up'
    }

      at src/services/auto-strategy/signal-provider.service.ts:215:25

  console.log
    Zeus AI signal received for R_100: {
      type: 'DIGITOVER',
      prediction: 7,
      confidence: 'high',
      direction: 'up'
    }

      at src/services/auto-strategy/signal-provider.service.ts:215:25

  console.log
    Zeus AI signal received for R_100: {
      type: 'DIGITOVER',
      prediction: 7,
      confidence: 'high',
      direction: 'up'
    }

      at src/services/auto-strategy/signal-provider.service.ts:215:25

  console.log
    Zeus AI signal received for R_100: {
      type: 'DIGITOVER',
      prediction: 7,
      confidence: 'high',
      direction: 'up'
    }

      at src/services/auto-strategy/signal-provider.service.ts:215:25

  console.log
    Zeus AI signal received for R_100: {
      type: 'DIGITOVER',
      prediction: 7,
      confidence: 'high',
      direction: 'up'
    }

      at src/services/auto-strategy/signal-provider.service.ts:215:25

  console.log
    Zeus AI signal received for R_100: {
      type: 'DIGITOVER',
      prediction: 7,
      confidence: 'high',
      direction: 'up'
    }

      at src/services/auto-strategy/signal-provider.service.ts:215:25

  console.log
    Zeus AI signal received for R_100: {
      type: 'DIGITOVER',
      prediction: 7,
      confidence: 'high',
      direction: 'up'
    }

      at src/services/auto-strategy/signal-provider.service.ts:215:25

  console.log
    Zeus AI signal received for R_100: {
      type: 'DIGITOVER',
      prediction: 7,
      confidence: 'high',
      direction: 'up'
    }

      at src/services/auto-strategy/signal-provider.service.ts:215:25

  console.log
    Zeus AI signal received for R_100: {
      type: 'DIGITOVER',
      prediction: 7,
      confidence: 'high',
      direction: 'up'
    }

      at src/services/auto-strategy/signal-provider.service.ts:215:25

  console.log
    Zeus AI signal received for R_100: {
      type: 'DIGITOVER',
      prediction: 7,
      confidence: 'high',
      direction: 'up'
    }

      at src/services/auto-strategy/signal-provider.service.ts:215:25

  console.log
    Zeus AI signal received for R_100: {
      type: 'DIGITOVER',
      prediction: 7,
      confidence: 'high',
      direction: 'up'
    }

      at src/services/auto-strategy/signal-provider.service.ts:215:25

  console.log
    Zeus AI signal received for R_100: {
      type: 'DIGITOVER',
      prediction: 7,
      confidence: 'high',
      direction: 'up'
    }

      at src/services/auto-strategy/signal-provider.service.ts:215:25

  console.log
    Zeus AI signal received for R_100: {
      type: 'DIGITOVER',
      prediction: 7,
      confidence: 'high',
      direction: 'up'
    }

      at src/services/auto-strategy/signal-provider.service.ts:215:25

  console.log
    Zeus AI signal received for R_100: {
      type: 'DIGITOVER',
      prediction: 7,
      confidence: 'high',
      direction: 'up'
    }

      at src/services/auto-strategy/signal-provider.service.ts:215:25

  console.log
    Zeus AI signal received for R_100: {
      type: 'DIGITOVER',
      prediction: 7,
      confidence: 'high',
      direction: 'up'
    }

      at src/services/auto-strategy/signal-provider.service.ts:215:25

  console.log
    Zeus AI signal received for R_100: {
      type: 'DIGITOVER',
      prediction: 7,
      confidence: 'high',
      direction: 'up'
    }

      at src/services/auto-strategy/signal-provider.service.ts:215:25

  console.log
    Zeus AI signal received for R_100: {
      type: 'DIGITOVER',
      prediction: 7,
      confidence: 'high',
      direction: 'up'
    }

      at src/services/auto-strategy/signal-provider.service.ts:215:25

  console.log
    Zeus AI signal received for R_100: {
      type: 'DIGITOVER',
      prediction: 7,
      confidence: 'high',
      direction: 'up'
    }

      at src/services/auto-strategy/signal-provider.service.ts:215:25

  console.log
    Zeus AI signal received for R_100: {
      type: 'DIGITOVER',
      prediction: 7,
      confidence: 'high',
      direction: 'up'
    }

      at src/services/auto-strategy/signal-provider.service.ts:215:25

  console.log
    Zeus AI signal received for R_100: {
      type: 'DIGITOVER',
      prediction: 7,
      confidence: 'high',
      direction: 'up'
    }

      at src/services/auto-strategy/signal-provider.service.ts:215:25

  console.log
    Zeus AI signal received for R_100: {
      type: 'DIGITOVER',
      prediction: 7,
      confidence: 'high',
      direction: 'up'
    }

      at src/services/auto-strategy/signal-provider.service.ts:215:25

  console.log
    Zeus AI signal received for R_100: {
      type: 'DIGITOVER',
      prediction: 7,
      confidence: 'high',
      direction: 'up'
    }

      at src/services/auto-strategy/signal-provider.service.ts:215:25

  console.log
    Zeus AI signal received for R_100: {
      type: 'DIGITOVER',
      prediction: 7,
      confidence: 'high',
      direction: 'up'
    }

      at src/services/auto-strategy/signal-provider.service.ts:215:25

  console.log
    Zeus AI signal received for R_100: {
      type: 'DIGITOVER',
      prediction: 7,
      confidence: 'high',
      direction: 'up'
    }

      at src/services/auto-strategy/signal-provider.service.ts:215:25

  console.log
    Zeus AI signal received for R_100: {
      type: 'DIGITOVER',
      prediction: 7,
      confidence: 'high',
      direction: 'up'
    }

      at src/services/auto-strategy/signal-provider.service.ts:215:25

  console.log
    Zeus AI signal received for R_100: {
      type: 'DIGITOVER',
      prediction: 7,
      confidence: 'high',
      direction: 'up'
    }

      at src/services/auto-strategy/signal-provider.service.ts:215:25

node.exe : (node:20656) [DEP0040] DeprecationWarning: The `punycode` module is deprecated. Please use a userland alternative instead.
At line:1 char:1
+ & "C:\Program Files\nodejs/node.exe" "C:\Program Files\nodejs/node_mo ...
+ ~~~~~~~~~~~~~~~~~~~~~~~~~~~~~~~~~~~~~~~~~~~~~~~~~~~~~~~~~~~~~~~~~~~~~
    + CategoryInfo          : NotSpecified: ((node:20656) [D...native instead.:String) [], RemoteException
    + FullyQualifiedErrorId : NativeCommandError
 
(Use `node --trace-deprecation ...` to show where the warning was created)
  console.log
    Zeus AI signal received for R_50: {
      type: 'DIGITOVER',
      prediction: 8,
      confidence: 'medium',
      direction: 'up'
    }

      at src/services/auto-strategy/signal-provider.service.ts:215:25

  console.log
    Zeus AI signal received for R_50: {
      type: 'DIGITOVER',
      prediction: 8,
      confidence: 'medium',
      direction: 'up'
    }

      at src/services/auto-strategy/signal-provider.service.ts:215:25

  console.log
    Zeus AI signal received for R_50: {
      type: 'DIGITOVER',
      prediction: 8,
      confidence: 'medium',
      direction: 'up'
    }

      at src/services/auto-strategy/signal-provider.service.ts:215:25

  console.log
    Zeus AI signal received for R_50: {
      type: 'DIGITOVER',
      prediction: 8,
      confidence: 'medium',
      direction: 'up'
    }

      at src/services/auto-strategy/signal-provider.service.ts:215:25

  console.log
    Zeus AI signal received for R_50: {
      type: 'DIGITOVER',
      prediction: 8,
      confidence: 'medium',
      direction: 'up'
    }

      at src/services/auto-strategy/signal-provider.service.ts:215:25

  console.log
    Zeus AI signal received for R_50: {
      type: 'DIGITOVER',
      prediction: 8,
      confidence: 'medium',
      direction: 'up'
    }

      at src/services/auto-strategy/signal-provider.service.ts:215:25

  console.log
    Zeus AI signal received for R_50: {
      type: 'DIGITOVER',
      prediction: 8,
      confidence: 'medium',
      direction: 'up'
    }

      at src/services/auto-strategy/signal-provider.service.ts:215:25

  console.log
    Zeus AI signal received for R_50: {
      type: 'DIGITOVER',
      prediction: 8,
      confidence: 'medium',
      direction: 'up'
    }

      at src/services/auto-strategy/signal-provider.service.ts:215:25

  console.log
    Zeus AI signal received for R_50: {
      type: 'DIGITOVER',
      prediction: 8,
      confidence: 'medium',
      direction: 'up'
    }

      at src/services/auto-strategy/signal-provider.service.ts:215:25

  console.log
    Zeus AI signal received for R_50: {
      type: 'DIGITOVER',
      prediction: 8,
      confidence: 'medium',
      direction: 'up'
    }

      at src/services/auto-strategy/signal-provider.service.ts:215:25

  console.log
    Zeus AI signal received for R_50: {
      type: 'DIGITOVER',
      prediction: 8,
      confidence: 'medium',
      direction: 'up'
    }

      at src/services/auto-strategy/signal-provider.service.ts:215:25

  console.log
    Zeus AI signal received for R_50: {
      type: 'DIGITOVER',
      prediction: 8,
      confidence: 'medium',
      direction: 'up'
    }

      at src/services/auto-strategy/signal-provider.service.ts:215:25

  console.log
    Zeus AI signal received for R_50: {
      type: 'DIGITOVER',
      prediction: 8,
      confidence: 'medium',
      direction: 'up'
    }

      at src/services/auto-strategy/signal-provider.service.ts:215:25

  console.log
    Zeus AI signal received for R_50: {
      type: 'DIGITOVER',
      prediction: 8,
      confidence: 'medium',
      direction: 'up'
    }

      at src/services/auto-strategy/signal-provider.service.ts:215:25

  console.log
    Zeus AI signal received for R_50: {
      type: 'DIGITOVER',
      prediction: 8,
      confidence: 'medium',
      direction: 'up'
    }

      at src/services/auto-strategy/signal-provider.service.ts:215:25

  console.log
    Zeus AI signal received for R_50: {
      type: 'DIGITOVER',
      prediction: 8,
      confidence: 'medium',
      direction: 'up'
    }

      at src/services/auto-strategy/signal-provider.service.ts:215:25

  console.log
    Zeus AI signal received for R_50: {
      type: 'DIGITOVER',
      prediction: 8,
      confidence: 'medium',
      direction: 'up'
    }

      at src/services/auto-strategy/signal-provider.service.ts:215:25

  console.log
    Zeus AI signal received for R_50: {
      type: 'DIGITOVER',
      prediction: 8,
      confidence: 'medium',
      direction: 'up'
    }

      at src/services/auto-strategy/signal-provider.service.ts:215:25

  console.log
    Zeus AI signal received for R_50: {
      type: 'DIGITOVER',
      prediction: 8,
      confidence: 'medium',
      direction: 'up'
    }

      at src/services/auto-strategy/signal-provider.service.ts:215:25

  console.log
    Zeus AI signal received for R_50: {
      type: 'DIGITOVER',
      prediction: 8,
      confidence: 'medium',
      direction: 'up'
    }

      at src/services/auto-strategy/signal-provider.service.ts:215:25

  console.log
    Zeus AI signal received for R_50: {
      type: 'DIGITOVER',
      prediction: 8,
      confidence: 'medium',
      direction: 'up'
    }

      at src/services/auto-strategy/signal-provider.service.ts:215:25

  console.log
    Zeus AI signal received for R_50: {
      type: 'DIGITOVER',
      prediction: 8,
      confidence: 'medium',
      direction: 'up'
    }

      at src/services/auto-strategy/signal-provider.service.ts:215:25

  console.log
    Zeus AI signal received for R_50: {
      type: 'DIGITOVER',
      prediction: 8,
      confidence: 'medium',
      direction: 'up'
    }

      at src/services/auto-strategy/signal-provider.service.ts:215:25

  console.log
    Zeus AI signal received for R_50: {
      type: 'DIGITOVER',
      prediction: 8,
      confidence: 'medium',
      direction: 'up'
    }

      at src/services/auto-strategy/signal-provider.service.ts:215:25

  console.log
    Zeus AI signal received for R_50: {
      type: 'DIGITOVER',
      prediction: 8,
      confidence: 'medium',
      direction: 'up'
    }

      at src/services/auto-strategy/signal-provider.service.ts:215:25

  console.log
    Zeus AI signal received for R_50: {
      type: 'DIGITOVER',
      prediction: 8,
      confidence: 'medium',
      direction: 'up'
    }

      at src/services/auto-strategy/signal-provider.service.ts:215:25

  console.log
    Zeus AI signal received for R_50: {
      type: 'DIGITOVER',
      prediction: 8,
      confidence: 'medium',
      direction: 'up'
    }

      at src/services/auto-strategy/signal-provider.service.ts:215:25

  console.log
    Zeus AI signal received for R_50: {
      type: 'DIGITOVER',
      prediction: 8,
      confidence: 'medium',
      direction: 'up'
    }

      at src/services/auto-strategy/signal-provider.service.ts:215:25

  console.log
    Zeus AI signal received for R_50: {
      type: 'DIGITOVER',
      prediction: 8,
      confidence: 'medium',
      direction: 'up'
    }

      at src/services/auto-strategy/signal-provider.service.ts:215:25

  console.log
    Zeus AI signal received for R_50: {
      type: 'DIGITOVER',
      prediction: 8,
      confidence: 'medium',
      direction: 'up'
    }

      at src/services/auto-strategy/signal-provider.service.ts:215:25

  console.log
    Zeus AI signal received for R_50: {
      type: 'DIGITOVER',
      prediction: 8,
      confidence: 'medium',
      direction: 'up'
    }

      at src/services/auto-strategy/signal-provider.service.ts:215:25

  console.log
    Zeus AI signal received for R_50: {
      type: 'DIGITOVER',
      prediction: 8,
      confidence: 'medium',
      direction: 'up'
    }

      at src/services/auto-strategy/signal-provider.service.ts:215:25

  console.log
    Zeus AI signal received for R_50: {
      type: 'DIGITOVER',
      prediction: 8,
      confidence: 'medium',
      direction: 'up'
    }

      at src/services/auto-strategy/signal-provider.service.ts:215:25

  console.log
    Zeus AI signal received for R_50: {
      type: 'DIGITUNDER',
      prediction: 2,
      confidence: 'low',
      direction: 'down'
    }

      at src/services/auto-strategy/signal-provider.service.ts:215:25

  console.log
    Zeus AI signal received for R_50: {
      type: 'DIGITUNDER',
      prediction: 2,
      confidence: 'low',
      direction: 'down'
    }

      at src/services/auto-strategy/signal-provider.service.ts:215:25

  console.log
    Zeus AI signal received for R_50: {
      type: 'DIGITUNDER',
      prediction: 2,
      confidence: 'low',
      direction: 'down'
    }

      at src/services/auto-strategy/signal-provider.service.ts:215:25

  console.log
    Zeus AI signal received for R_50: {
      type: 'DIGITUNDER',
      prediction: 2,
      confidence: 'low',
      direction: 'down'
    }

      at src/services/auto-strategy/signal-provider.service.ts:215:25

  console.log
    Zeus AI signal received for R_50: {
      type: 'DIGITUNDER',
      prediction: 2,
      confidence: 'low',
      direction: 'down'
    }

      at src/services/auto-strategy/signal-provider.service.ts:215:25

  console.log
    Zeus AI signal received for R_50: {
      type: 'DIGITUNDER',
      prediction: 2,
      confidence: 'low',
      direction: 'down'
    }

      at src/services/auto-strategy/signal-provider.service.ts:215:25

  console.log
    Zeus AI signal received for R_50: {
      type: 'DIGITUNDER',
      prediction: 2,
      confidence: 'low',
      direction: 'down'
    }

      at src/services/auto-strategy/signal-provider.service.ts:215:25

  console.log
    Zeus AI signal received for R_50: {
      type: 'DIGITUNDER',
      prediction: 2,
      confidence: 'low',
      direction: 'down'
    }

      at src/services/auto-strategy/signal-provider.service.ts:215:25

  console.log
    Zeus AI signal received for R_50: {
      type: 'DIGITUNDER',
      prediction: 2,
      confidence: 'low',
      direction: 'down'
    }

      at src/services/auto-strategy/signal-provider.service.ts:215:25

  console.log
    Zeus AI signal received for R_50: {
      type: 'DIGITUNDER',
      prediction: 2,
      confidence: 'low',
      direction: 'down'
    }

      at src/services/auto-strategy/signal-provider.service.ts:215:25

  console.log
    Zeus AI signal received for R_50: {
      type: 'DIGITUNDER',
      prediction: 2,
      confidence: 'low',
      direction: 'down'
    }

      at src/services/auto-strategy/signal-provider.service.ts:215:25

  console.log
    Zeus AI signal received for R_50: {
      type: 'DIGITUNDER',
      prediction: 2,
      confidence: 'low',
      direction: 'down'
    }

      at src/services/auto-strategy/signal-provider.service.ts:215:25

  console.log
    Zeus AI signal received for R_50: {
      type: 'DIGITUNDER',
      prediction: 2,
      confidence: 'low',
      direction: 'down'
    }

      at src/services/auto-strategy/signal-provider.service.ts:215:25

  console.log
    Zeus AI signal received for R_50: {
      type: 'DIGITUNDER',
      prediction: 2,
      confidence: 'low',
      direction: 'down'
    }

      at src/services/auto-strategy/signal-provider.service.ts:215:25

  console.log
    Zeus AI signal received for R_50: {
      type: 'DIGITUNDER',
      prediction: 2,
      confidence: 'low',
      direction: 'down'
    }

      at src/services/auto-strategy/signal-provider.service.ts:215:25

  console.log
    Zeus AI signal received for R_50: {
      type: 'DIGITUNDER',
      prediction: 2,
      confidence: 'low',
      direction: 'down'
    }

      at src/services/auto-strategy/signal-provider.service.ts:215:25

  console.log
    Zeus AI signal received for R_50: {
      type: 'DIGITUNDER',
      prediction: 2,
      confidence: 'low',
      direction: 'down'
    }

      at src/services/auto-strategy/signal-provider.service.ts:215:25

  console.log
    Zeus AI signal received for R_50: {
      type: 'DIGITUNDER',
      prediction: 2,
      confidence: 'low',
      direction: 'down'
    }

      at src/services/auto-strategy/signal-provider.service.ts:215:25

  console.log
    Zeus AI signal received for R_50: {
      type: 'DIGITUNDER',
      prediction: 2,
      confidence: 'low',
      direction: 'down'
    }

      at src/services/auto-strategy/signal-provider.service.ts:215:25

  console.log
    Zeus AI signal received for R_50: {
      type: 'DIGITUNDER',
      prediction: 2,
      confidence: 'low',
      direction: 'down'
    }

      at src/services/auto-strategy/signal-provider.service.ts:215:25

  console.log
    Zeus AI signal received for R_50: {
      type: 'DIGITUNDER',
      prediction: 2,
      confidence: 'low',
      direction: 'down'
    }

      at src/services/auto-strategy/signal-provider.service.ts:215:25

  console.log
    Zeus AI signal received for R_50: {
      type: 'DIGITUNDER',
      prediction: 2,
      confidence: 'low',
      direction: 'down'
    }

      at src/services/auto-strategy/signal-provider.service.ts:215:25

  console.log
    Zeus AI signal received for R_50: {
      type: 'DIGITUNDER',
      prediction: 2,
      confidence: 'low',
      direction: 'down'
    }

      at src/services/auto-strategy/signal-provider.service.ts:215:25

  console.log
    Zeus AI signal received for R_50: {
      type: 'DIGITUNDER',
      prediction: 2,
      confidence: 'low',
      direction: 'down'
    }

      at src/services/auto-strategy/signal-provider.service.ts:215:25

  console.log
    Zeus AI signal received for R_50: {
      type: 'DIGITUNDER',
      prediction: 2,
      confidence: 'low',
      direction: 'down'
    }

      at src/services/auto-strategy/signal-provider.service.ts:215:25

  console.log
    Zeus AI signal received for R_50: {
      type: 'DIGITUNDER',
      prediction: 2,
      confidence: 'low',
      direction: 'down'
    }

      at src/services/auto-strategy/signal-provider.service.ts:215:25

  console.log
    Zeus AI signal received for R_50: {
      type: 'DIGITUNDER',
      prediction: 2,
      confidence: 'low',
      direction: 'down'
    }

      at src/services/auto-strategy/signal-provider.service.ts:215:25

  console.log
    Zeus AI signal received for R_50: {
      type: 'DIGITUNDER',
      prediction: 2,
      confidence: 'low',
      direction: 'down'
    }

      at src/services/auto-strategy/signal-provider.service.ts:215:25

  console.log
    Zeus AI signal received for R_50: {
      type: 'DIGITUNDER',
      prediction: 2,
      confidence: 'low',
      direction: 'down'
    }

      at src/services/auto-strategy/signal-provider.service.ts:215:25

  console.log
    Zeus AI signal received for R_50: {
      type: 'DIGITUNDER',
      prediction: 2,
      confidence: 'low',
      direction: 'down'
    }

      at src/services/auto-strategy/signal-provider.service.ts:215:25

  console.log
    Zeus AI signal received for R_50: {
      type: 'DIGITUNDER',
      prediction: 2,
      confidence: 'low',
      direction: 'down'
    }

      at src/services/auto-strategy/signal-provider.service.ts:215:25

  console.log
    Zeus AI signal received for R_50: {
      type: 'DIGITUNDER',
      prediction: 2,
      confidence: 'low',
      direction: 'down'
    }

      at src/services/auto-strategy/signal-provider.service.ts:215:25

  console.log
    Zeus AI signal received for R_50: {
      type: 'DIGITUNDER',
      prediction: 2,
      confidence: 'low',
      direction: 'down'
    }

      at src/services/auto-strategy/signal-provider.service.ts:215:25

  console.log
    Zeus AI signal received for R_50: {
      type: 'DIGITUNDER',
      prediction: 2,
      confidence: 'low',
      direction: 'down'
    }

      at src/services/auto-strategy/signal-provider.service.ts:215:25

  console.log
    Zeus AI signal received for R_100: {
      type: 'DIGITOVER',
      prediction: 5,
      confidence: 'high',
      direction: 'up'
    }

      at src/services/auto-strategy/signal-provider.service.ts:215:25

  console.log
    Zeus AI signal received for R_100: {
      type: 'DIGITOVER',
      prediction: 5,
      confidence: 'high',
      direction: 'up'
    }

      at src/services/auto-strategy/signal-provider.service.ts:215:25

  console.log
    Zeus AI signal received for R_100: {
      type: 'DIGITOVER',
      prediction: 5,
      confidence: 'high',
      direction: 'up'
    }

      at src/services/auto-strategy/signal-provider.service.ts:215:25

  console.log
    Zeus AI signal received for R_100: {
      type: 'DIGITOVER',
      prediction: 5,
      confidence: 'high',
      direction: 'up'
    }

      at src/services/auto-strategy/signal-provider.service.ts:215:25

  console.log
    Zeus AI signal received for R_100: {
      type: 'DIGITOVER',
      prediction: 5,
      confidence: 'high',
      direction: 'up'
    }

      at src/services/auto-strategy/signal-provider.service.ts:215:25

  console.log
    Zeus AI signal received for R_100: {
      type: 'DIGITOVER',
      prediction: 5,
      confidence: 'high',
      direction: 'up'
    }

      at src/services/auto-strategy/signal-provider.service.ts:215:25

  console.log
    Zeus AI signal received for R_100: {
      type: 'DIGITOVER',
      prediction: 5,
      confidence: 'high',
      direction: 'up'
    }

      at src/services/auto-strategy/signal-provider.service.ts:215:25

  console.log
    Zeus AI signal received for R_100: {
      type: 'DIGITOVER',
      prediction: 5,
      confidence: 'high',
      direction: 'up'
    }

      at src/services/auto-strategy/signal-provider.service.ts:215:25

  console.log
    Zeus AI signal received for R_100: {
      type: 'DIGITOVER',
      prediction: 5,
      confidence: 'high',
      direction: 'up'
    }

      at src/services/auto-strategy/signal-provider.service.ts:215:25

  console.log
    Zeus AI signal received for R_100: {
      type: 'DIGITOVER',
      prediction: 5,
      confidence: 'high',
      direction: 'up'
    }

      at src/services/auto-strategy/signal-provider.service.ts:215:25

  console.log
    Zeus AI signal received for R_100: {
      type: 'DIGITOVER',
      prediction: 5,
      confidence: 'high',
      direction: 'up'
    }

      at src/services/auto-strategy/signal-provider.service.ts:215:25

  console.log
    Zeus AI signal received for R_100: {
      type: 'DIGITOVER',
      prediction: 5,
      confidence: 'high',
      direction: 'up'
    }

      at src/services/auto-strategy/signal-provider.service.ts:215:25

  console.log
    Zeus AI signal received for R_100: {
      type: 'DIGITOVER',
      prediction: 5,
      confidence: 'high',
      direction: 'up'
    }

      at src/services/auto-strategy/signal-provider.service.ts:215:25

  console.log
    Zeus AI signal received for R_100: {
      type: 'DIGITOVER',
      prediction: 5,
      confidence: 'high',
      direction: 'up'
    }

      at src/services/auto-strategy/signal-provider.service.ts:215:25

  console.log
    Zeus AI signal received for R_100: {
      type: 'DIGITOVER',
      prediction: 5,
      confidence: 'high',
      direction: 'up'
    }

      at src/services/auto-strategy/signal-provider.service.ts:215:25

  console.log
    Zeus AI signal received for R_100: {
      type: 'DIGITOVER',
      prediction: 5,
      confidence: 'high',
      direction: 'up'
    }

      at src/services/auto-strategy/signal-provider.service.ts:215:25

  console.log
    Zeus AI signal received for R_100: {
      type: 'DIGITOVER',
      prediction: 5,
      confidence: 'high',
      direction: 'up'
    }

      at src/services/auto-strategy/signal-provider.service.ts:215:25

  console.log
    Zeus AI signal received for R_100: {
      type: 'DIGITOVER',
      prediction: 5,
      confidence: 'high',
      direction: 'up'
    }

      at src/services/auto-strategy/signal-provider.service.ts:215:25

  console.log
    Zeus AI signal received for R_100: {
      type: 'DIGITOVER',
      prediction: 5,
      confidence: 'high',
      direction: 'up'
    }

      at src/services/auto-strategy/signal-provider.service.ts:215:25

  console.log
    Zeus AI signal received for R_100: {
      type: 'DIGITOVER',
      prediction: 5,
      confidence: 'high',
      direction: 'up'
    }

      at src/services/auto-strategy/signal-provider.service.ts:215:25

  console.log
    Zeus AI signal received for R_100: {
      type: 'DIGITOVER',
      prediction: 5,
      confidence: 'high',
      direction: 'up'
    }

      at src/services/auto-strategy/signal-provider.service.ts:215:25

  console.log
    Zeus AI signal received for R_100: {
      type: 'DIGITOVER',
      prediction: 5,
      confidence: 'high',
      direction: 'up'
    }

      at src/services/auto-strategy/signal-provider.service.ts:215:25

  console.log
    Zeus AI signal received for R_100: {
      type: 'DIGITOVER',
      prediction: 5,
      confidence: 'high',
      direction: 'up'
    }

      at src/services/auto-strategy/signal-provider.service.ts:215:25

  console.log
    Zeus AI signal received for R_100: {
      type: 'DIGITOVER',
      prediction: 5,
      confidence: 'high',
      direction: 'up'
    }

      at src/services/auto-strategy/signal-provider.service.ts:215:25

  console.log
    Zeus AI signal received for R_100: {
      type: 'DIGITOVER',
      prediction: 5,
      confidence: 'high',
      direction: 'up'
    }

      at src/services/auto-strategy/signal-provider.service.ts:215:25

  console.log
    Zeus AI signal received for R_100: {
      type: 'DIGITOVER',
      prediction: 5,
      confidence: 'high',
      direction: 'up'
    }

      at src/services/auto-strategy/signal-provider.service.ts:215:25

  console.log
    Zeus AI signal received for R_100: {
      type: 'DIGITOVER',
      prediction: 5,
      confidence: 'high',
      direction: 'up'
    }

      at src/services/auto-strategy/signal-provider.service.ts:215:25

  console.log
    Zeus AI signal received for R_100: {
      type: 'DIGITOVER',
      prediction: 5,
      confidence: 'high',
      direction: 'up'
    }

      at src/services/auto-strategy/signal-provider.service.ts:215:25

  console.log
    Zeus AI signal received for R_100: {
      type: 'DIGITOVER',
      prediction: 5,
      confidence: 'high',
      direction: 'up'
    }

      at src/services/auto-strategy/signal-provider.service.ts:215:25

  console.log
    Zeus AI signal received for R_100: {
      type: 'DIGITOVER',
      prediction: 5,
      confidence: 'high',
      direction: 'up'
    }

      at src/services/auto-strategy/signal-provider.service.ts:215:25

  console.log
    Zeus AI signal received for R_100: {
      type: 'DIGITOVER',
      prediction: 5,
      confidence: 'high',
      direction: 'up'
    }

      at src/services/auto-strategy/signal-provider.service.ts:215:25

  console.log
    Zeus AI signal received for R_100: {
      type: 'DIGITOVER',
      prediction: 5,
      confidence: 'high',
      direction: 'up'
    }

      at src/services/auto-strategy/signal-provider.service.ts:215:25

  console.log
    Zeus AI signal received for R_100: {
      type: 'DIGITOVER',
      prediction: 5,
      confidence: 'high',
      direction: 'up'
    }

      at src/services/auto-strategy/signal-provider.service.ts:215:25

  console.log
    Zeus AI signal received for R_100: {
      type: 'DIGITOVER',
      prediction: 5,
      confidence: 'high',
      direction: 'up'
    }

      at src/services/auto-strategy/signal-provider.service.ts:215:25

  console.log
    Zeus AI signal received for R_100: {
      type: 'DIGITOVER',
      prediction: 5,
      confidence: 'high',
      direction: 'up'
    }

      at src/services/auto-strategy/signal-provider.service.ts:215:25

  console.log
    Zeus AI signal received for R_100: {
      type: 'DIGITOVER',
      prediction: 5,
      confidence: 'medium',
      direction: 'up'
    }

      at src/services/auto-strategy/signal-provider.service.ts:215:25

  console.log
    Zeus AI signal received for R_100: {
      type: 'DIGITOVER',
      prediction: 5,
      confidence: 'medium',
      direction: 'up'
    }

      at src/services/auto-strategy/signal-provider.service.ts:215:25

  console.log
    Zeus AI signal received for R_100: {
      type: 'DIGITOVER',
      prediction: 5,
      confidence: 'medium',
      direction: 'up'
    }

      at src/services/auto-strategy/signal-provider.service.ts:215:25

  console.log
    Zeus AI signal received for R_100: {
      type: 'DIGITOVER',
      prediction: 5,
      confidence: 'medium',
      direction: 'up'
    }

      at src/services/auto-strategy/signal-provider.service.ts:215:25

  console.log
    Zeus AI signal received for R_100: {
      type: 'DIGITOVER',
      prediction: 5,
      confidence: 'medium',
      direction: 'up'
    }

      at src/services/auto-strategy/signal-provider.service.ts:215:25

  console.log
    Zeus AI signal received for R_100: {
      type: 'DIGITOVER',
      prediction: 5,
      confidence: 'medium',
      direction: 'up'
    }

      at src/services/auto-strategy/signal-provider.service.ts:215:25

  console.log
    Zeus AI signal received for R_100: {
      type: 'DIGITOVER',
      prediction: 5,
      confidence: 'medium',
      direction: 'up'
    }

      at src/services/auto-strategy/signal-provider.service.ts:215:25

  console.log
    Zeus AI signal received for R_100: {
      type: 'DIGITOVER',
      prediction: 5,
      confidence: 'medium',
      direction: 'up'
    }

      at src/services/auto-strategy/signal-provider.service.ts:215:25

  console.log
    Zeus AI signal received for R_100: {
      type: 'DIGITOVER',
      prediction: 5,
      confidence: 'medium',
      direction: 'up'
    }

      at src/services/auto-strategy/signal-provider.service.ts:215:25

  console.log
    Zeus AI signal received for R_100: {
      type: 'DIGITOVER',
      prediction: 5,
      confidence: 'medium',
      direction: 'up'
    }

      at src/services/auto-strategy/signal-provider.service.ts:215:25

  console.log
    Zeus AI signal received for R_100: {
      type: 'DIGITOVER',
      prediction: 5,
      confidence: 'medium',
      direction: 'up'
    }

      at src/services/auto-strategy/signal-provider.service.ts:215:25

  console.log
    Zeus AI signal received for R_100: {
      type: 'DIGITOVER',
      prediction: 5,
      confidence: 'medium',
      direction: 'up'
    }

      at src/services/auto-strategy/signal-provider.service.ts:215:25

  console.log
    Zeus AI signal received for R_100: {
      type: 'DIGITOVER',
      prediction: 5,
      confidence: 'medium',
      direction: 'up'
    }

      at src/services/auto-strategy/signal-provider.service.ts:215:25

  console.log
    Zeus AI signal received for R_100: {
      type: 'DIGITOVER',
      prediction: 5,
      confidence: 'medium',
      direction: 'up'
    }

      at src/services/auto-strategy/signal-provider.service.ts:215:25

  console.log
    Zeus AI signal received for R_100: {
      type: 'DIGITOVER',
      prediction: 5,
      confidence: 'medium',
      direction: 'up'
    }

      at src/services/auto-strategy/signal-provider.service.ts:215:25

  console.log
    Zeus AI signal received for R_100: {
      type: 'DIGITOVER',
      prediction: 5,
      confidence: 'medium',
      direction: 'up'
    }

      at src/services/auto-strategy/signal-provider.service.ts:215:25

  console.log
    Zeus AI signal received for R_100: {
      type: 'DIGITOVER',
      prediction: 5,
      confidence: 'medium',
      direction: 'up'
    }

      at src/services/auto-strategy/signal-provider.service.ts:215:25

  console.log
    Zeus AI signal received for R_100: {
      type: 'DIGITOVER',
      prediction: 5,
      confidence: 'medium',
      direction: 'up'
    }

      at src/services/auto-strategy/signal-provider.service.ts:215:25

  console.log
    Zeus AI signal received for R_100: {
      type: 'DIGITOVER',
      prediction: 5,
      confidence: 'medium',
      direction: 'up'
    }

      at src/services/auto-strategy/signal-provider.service.ts:215:25

  console.log
    Zeus AI signal received for R_100: {
      type: 'DIGITOVER',
      prediction: 5,
      confidence: 'medium',
      direction: 'up'
    }

      at src/services/auto-strategy/signal-provider.service.ts:215:25

  console.log
    Zeus AI signal received for R_100: {
      type: 'DIGITOVER',
      prediction: 5,
      confidence: 'medium',
      direction: 'up'
    }

      at src/services/auto-strategy/signal-provider.service.ts:215:25

  console.log
    Zeus AI signal received for R_100: {
      type: 'DIGITOVER',
      prediction: 5,
      confidence: 'medium',
      direction: 'up'
    }

      at src/services/auto-strategy/signal-provider.service.ts:215:25

  console.log
    Zeus AI signal received for R_100: {
      type: 'DIGITOVER',
      prediction: 5,
      confidence: 'medium',
      direction: 'up'
    }

      at src/services/auto-strategy/signal-provider.service.ts:215:25

  console.log
    Zeus AI signal received for R_100: {
      type: 'DIGITOVER',
      prediction: 5,
      confidence: 'medium',
      direction: 'up'
    }

      at src/services/auto-strategy/signal-provider.service.ts:215:25

  console.log
    Zeus AI signal received for R_100: {
      type: 'DIGITOVER',
      prediction: 5,
      confidence: 'medium',
      direction: 'up'
    }

      at src/services/auto-strategy/signal-provider.service.ts:215:25

  console.log
    Zeus AI signal received for R_100: {
      type: 'DIGITOVER',
      prediction: 5,
      confidence: 'medium',
      direction: 'up'
    }

      at src/services/auto-strategy/signal-provider.service.ts:215:25

  console.log
    Zeus AI signal received for R_100: {
      type: 'DIGITOVER',
      prediction: 5,
      confidence: 'medium',
      direction: 'up'
    }

      at src/services/auto-strategy/signal-provider.service.ts:215:25

  console.log
    Zeus AI signal received for R_100: {
      type: 'DIGITOVER',
      prediction: 5,
      confidence: 'medium',
      direction: 'up'
    }

      at src/services/auto-strategy/signal-provider.service.ts:215:25

  console.log
    Zeus AI signal received for R_100: {
      type: 'DIGITOVER',
      prediction: 5,
      confidence: 'medium',
      direction: 'up'
    }

      at src/services/auto-strategy/signal-provider.service.ts:215:25

  console.log
    Zeus AI signal received for R_100: {
      type: 'DIGITOVER',
      prediction: 5,
      confidence: 'medium',
      direction: 'up'
    }

      at src/services/auto-strategy/signal-provider.service.ts:215:25

  console.log
    Zeus AI signal received for R_100: {
      type: 'DIGITOVER',
      prediction: 5,
      confidence: 'medium',
      direction: 'up'
    }

      at src/services/auto-strategy/signal-provider.service.ts:215:25

  console.log
    Zeus AI signal received for R_100: {
      type: 'DIGITOVER',
      prediction: 5,
      confidence: 'medium',
      direction: 'up'
    }

      at src/services/auto-strategy/signal-provider.service.ts:215:25

  console.log
    Zeus AI signal received for R_100: {
      type: 'DIGITOVER',
      prediction: 5,
      confidence: 'medium',
      direction: 'up'
    }

      at src/services/auto-strategy/signal-provider.service.ts:215:25

  console.log
    Zeus AI signal received for R_100: {
      type: 'DIGITOVER',
      prediction: 5,
      confidence: 'medium',
      direction: 'up'
    }

      at src/services/auto-strategy/signal-provider.service.ts:215:25

  console.log
    Zeus AI signal received for R_100: {
      type: 'DIGITOVER',
      prediction: 5,
      confidence: 'medium',
      direction: 'up'
    }

      at src/services/auto-strategy/signal-provider.service.ts:215:25

  console.log
    Zeus AI signal received for R_100: {
      type: 'DIGITOVER',
      prediction: 5,
      confidence: 'low',
      direction: 'up'
    }

      at src/services/auto-strategy/signal-provider.service.ts:215:25

  console.log
    Zeus AI signal received for R_100: {
      type: 'DIGITOVER',
      prediction: 5,
      confidence: 'low',
      direction: 'up'
    }

      at src/services/auto-strategy/signal-provider.service.ts:215:25

  console.log
    Zeus AI signal received for R_100: {
      type: 'DIGITOVER',
      prediction: 5,
      confidence: 'low',
      direction: 'up'
    }

      at src/services/auto-strategy/signal-provider.service.ts:215:25

  console.log
    Zeus AI signal received for R_100: {
      type: 'DIGITOVER',
      prediction: 5,
      confidence: 'low',
      direction: 'up'
    }

      at src/services/auto-strategy/signal-provider.service.ts:215:25

  console.log
    Zeus AI signal received for R_100: {
      type: 'DIGITOVER',
      prediction: 5,
      confidence: 'low',
      direction: 'up'
    }

      at src/services/auto-strategy/signal-provider.service.ts:215:25

  console.log
    Zeus AI signal received for R_100: {
      type: 'DIGITOVER',
      prediction: 5,
      confidence: 'low',
      direction: 'up'
    }

      at src/services/auto-strategy/signal-provider.service.ts:215:25

  console.log
    Zeus AI signal received for R_100: {
      type: 'DIGITOVER',
      prediction: 5,
      confidence: 'low',
      direction: 'up'
    }

      at src/services/auto-strategy/signal-provider.service.ts:215:25

  console.log
    Zeus AI signal received for R_100: {
      type: 'DIGITOVER',
      prediction: 5,
      confidence: 'low',
      direction: 'up'
    }

      at src/services/auto-strategy/signal-provider.service.ts:215:25

  console.log
    Zeus AI signal received for R_100: {
      type: 'DIGITOVER',
      prediction: 5,
      confidence: 'low',
      direction: 'up'
    }

      at src/services/auto-strategy/signal-provider.service.ts:215:25

  console.log
    Zeus AI signal received for R_100: {
      type: 'DIGITOVER',
      prediction: 5,
      confidence: 'low',
      direction: 'up'
    }

      at src/services/auto-strategy/signal-provider.service.ts:215:25

  console.log
    Zeus AI signal received for R_100: {
      type: 'DIGITOVER',
      prediction: 5,
      confidence: 'low',
      direction: 'up'
    }

      at src/services/auto-strategy/signal-provider.service.ts:215:25

  console.log
    Zeus AI signal received for R_100: {
      type: 'DIGITOVER',
      prediction: 5,
      confidence: 'low',
      direction: 'up'
    }

      at src/services/auto-strategy/signal-provider.service.ts:215:25

  console.log
    Zeus AI signal received for R_100: {
      type: 'DIGITOVER',
      prediction: 5,
      confidence: 'low',
      direction: 'up'
    }

      at src/services/auto-strategy/signal-provider.service.ts:215:25

  console.log
    Zeus AI signal received for R_100: {
      type: 'DIGITOVER',
      prediction: 5,
      confidence: 'low',
      direction: 'up'
    }

      at src/services/auto-strategy/signal-provider.service.ts:215:25

  console.log
    Zeus AI signal received for R_100: {
      type: 'DIGITOVER',
      prediction: 5,
      confidence: 'low',
      direction: 'up'
    }

      at src/services/auto-strategy/signal-provider.service.ts:215:25

  console.log
    Zeus AI signal received for R_100: {
      type: 'DIGITOVER',
      prediction: 5,
      confidence: 'low',
      direction: 'up'
    }

      at src/services/auto-strategy/signal-provider.service.ts:215:25

  console.log
    Zeus AI signal received for R_100: {
      type: 'DIGITOVER',
      prediction: 5,
      confidence: 'low',
      direction: 'up'
    }

      at src/services/auto-strategy/signal-provider.service.ts:215:25

  console.log
    Zeus AI signal received for R_100: {
      type: 'DIGITOVER',
      prediction: 5,
      confidence: 'low',
      direction: 'up'
    }

      at src/services/auto-strategy/signal-provider.service.ts:215:25

  console.log
    Zeus AI signal received for R_100: {
      type: 'DIGITOVER',
      prediction: 5,
      confidence: 'low',
      direction: 'up'
    }

      at src/services/auto-strategy/signal-provider.service.ts:215:25

  console.log
    Zeus AI signal received for R_100: {
      type: 'DIGITOVER',
      prediction: 5,
      confidence: 'low',
      direction: 'up'
    }

      at src/services/auto-strategy/signal-provider.service.ts:215:25

  console.log
    Zeus AI signal received for R_100: {
      type: 'DIGITOVER',
      prediction: 5,
      confidence: 'low',
      direction: 'up'
    }

      at src/services/auto-strategy/signal-provider.service.ts:215:25

  console.log
    Zeus AI signal received for R_100: {
      type: 'DIGITOVER',
      prediction: 5,
      confidence: 'low',
      direction: 'up'
    }

      at src/services/auto-strategy/signal-provider.service.ts:215:25

  console.log
    Zeus AI signal received for R_100: {
      type: 'DIGITOVER',
      prediction: 5,
      confidence: 'low',
      direction: 'up'
    }

      at src/services/auto-strategy/signal-provider.service.ts:215:25

  console.log
    Zeus AI signal received for R_100: {
      type: 'DIGITOVER',
      prediction: 5,
      confidence: 'low',
      direction: 'up'
    }

      at src/services/auto-strategy/signal-provider.service.ts:215:25

  console.log
    Zeus AI signal received for R_100: {
      type: 'DIGITOVER',
      prediction: 5,
      confidence: 'low',
      direction: 'up'
    }

      at src/services/auto-strategy/signal-provider.service.ts:215:25

  console.log
    Zeus AI signal received for R_100: {
      type: 'DIGITOVER',
      prediction: 5,
      confidence: 'low',
      direction: 'up'
    }

      at src/services/auto-strategy/signal-provider.service.ts:215:25

  console.log
    Zeus AI signal received for R_100: {
      type: 'DIGITOVER',
      prediction: 5,
      confidence: 'low',
      direction: 'up'
    }

      at src/services/auto-strategy/signal-provider.service.ts:215:25

  console.log
    Zeus AI signal received for R_100: {
      type: 'DIGITOVER',
      prediction: 5,
      confidence: 'low',
      direction: 'up'
    }

      at src/services/auto-strategy/signal-provider.service.ts:215:25

  console.log
    Zeus AI signal received for R_100: {
      type: 'DIGITOVER',
      prediction: 5,
      confidence: 'low',
      direction: 'up'
    }

      at src/services/auto-strategy/signal-provider.service.ts:215:25

  console.log
    Zeus AI signal received for R_100: {
      type: 'DIGITOVER',
      prediction: 5,
      confidence: 'low',
      direction: 'up'
    }

      at src/services/auto-strategy/signal-provider.service.ts:215:25

  console.log
    Zeus AI signal received for R_100: {
      type: 'DIGITOVER',
      prediction: 5,
      confidence: 'low',
      direction: 'up'
    }

      at src/services/auto-strategy/signal-provider.service.ts:215:25

  console.log
    Zeus AI signal received for R_100: {
      type: 'DIGITOVER',
      prediction: 5,
      confidence: 'low',
      direction: 'up'
    }

      at src/services/auto-strategy/signal-provider.service.ts:215:25

  console.log
    Zeus AI signal received for R_100: {
      type: 'DIGITOVER',
      prediction: 5,
      confidence: 'low',
      direction: 'up'
    }

      at src/services/auto-strategy/signal-provider.service.ts:215:25

  console.log
    Zeus AI signal received for R_100: {
      type: 'DIGITOVER',
      prediction: 5,
      confidence: 'low',
      direction: 'up'
    }

      at src/services/auto-strategy/signal-provider.service.ts:215:25

  console.log
    Zeus AI signal received for R_100: {
      type: 'DIGITOVER',
      prediction: 5,
      confidence: 'low',
      direction: 'up'
    }

      at src/services/auto-strategy/signal-provider.service.ts:215:25

  console.log
    Zeus AI signal received for R_100: {
      type: 'DIGITOVER',
      prediction: 6,
      confidence: 'high',
      direction: 'up'
    }

      at src/services/auto-strategy/signal-provider.service.ts:215:25

  console.log
    Zeus AI signal received for R_100: {
      type: 'DIGITOVER',
      prediction: 6,
      confidence: 'high',
      direction: 'up'
    }

      at src/services/auto-strategy/signal-provider.service.ts:215:25

  console.log
    Zeus AI signal received for R_100: {
      type: 'DIGITOVER',
      prediction: 6,
      confidence: 'high',
      direction: 'up'
    }

      at src/services/auto-strategy/signal-provider.service.ts:215:25

  console.log
    Zeus AI signal received for R_100: {
      type: 'DIGITOVER',
      prediction: 6,
      confidence: 'high',
      direction: 'up'
    }

      at src/services/auto-strategy/signal-provider.service.ts:215:25

  console.log
    Zeus AI signal received for R_100: {
      type: 'DIGITOVER',
      prediction: 6,
      confidence: 'high',
      direction: 'up'
    }

      at src/services/auto-strategy/signal-provider.service.ts:215:25

  console.log
    Zeus AI signal received for R_100: {
      type: 'DIGITOVER',
      prediction: 6,
      confidence: 'high',
      direction: 'up'
    }

      at src/services/auto-strategy/signal-provider.service.ts:215:25

  console.log
    Zeus AI signal received for R_100: {
      type: 'DIGITOVER',
      prediction: 6,
      confidence: 'high',
      direction: 'up'
    }

      at src/services/auto-strategy/signal-provider.service.ts:215:25

  console.log
    Zeus AI signal received for R_100: {
      type: 'DIGITOVER',
      prediction: 6,
      confidence: 'high',
      direction: 'up'
    }

      at src/services/auto-strategy/signal-provider.service.ts:215:25

  console.log
    Zeus AI signal received for R_100: {
      type: 'DIGITOVER',
      prediction: 6,
      confidence: 'high',
      direction: 'up'
    }

      at src/services/auto-strategy/signal-provider.service.ts:215:25

  console.log
    Zeus AI signal received for R_100: {
      type: 'DIGITOVER',
      prediction: 6,
      confidence: 'high',
      direction: 'up'
    }

      at src/services/auto-strategy/signal-provider.service.ts:215:25

  console.log
    Zeus AI signal received for R_100: {
      type: 'DIGITOVER',
      prediction: 6,
      confidence: 'high',
      direction: 'up'
    }

      at src/services/auto-strategy/signal-provider.service.ts:215:25

  console.log
    Zeus AI signal received for R_100: {
      type: 'DIGITOVER',
      prediction: 6,
      confidence: 'high',
      direction: 'up'
    }

      at src/services/auto-strategy/signal-provider.service.ts:215:25

  console.log
    Zeus AI signal received for R_100: {
      type: 'DIGITOVER',
      prediction: 6,
      confidence: 'high',
      direction: 'up'
    }

      at src/services/auto-strategy/signal-provider.service.ts:215:25

  console.log
    Zeus AI signal received for R_100: {
      type: 'DIGITOVER',
      prediction: 6,
      confidence: 'high',
      direction: 'up'
    }

      at src/services/auto-strategy/signal-provider.service.ts:215:25

  console.log
    Zeus AI signal received for R_100: {
      type: 'DIGITOVER',
      prediction: 6,
      confidence: 'high',
      direction: 'up'
    }

      at src/services/auto-strategy/signal-provider.service.ts:215:25

  console.log
    Zeus AI signal received for R_100: {
      type: 'DIGITOVER',
      prediction: 6,
      confidence: 'high',
      direction: 'up'
    }

      at src/services/auto-strategy/signal-provider.service.ts:215:25

  console.log
    Zeus AI signal received for R_100: {
      type: 'DIGITOVER',
      prediction: 6,
      confidence: 'high',
      direction: 'up'
    }

      at src/services/auto-strategy/signal-provider.service.ts:215:25

  console.log
    Zeus AI signal received for R_100: {
      type: 'DIGITOVER',
      prediction: 6,
      confidence: 'high',
      direction: 'up'
    }

      at src/services/auto-strategy/signal-provider.service.ts:215:25

  console.log
    Zeus AI signal received for R_100: {
      type: 'DIGITOVER',
      prediction: 6,
      confidence: 'high',
      direction: 'up'
    }

      at src/services/auto-strategy/signal-provider.service.ts:215:25

  console.log
    Zeus AI signal received for R_100: {
      type: 'DIGITOVER',
      prediction: 6,
      confidence: 'high',
      direction: 'up'
    }

      at src/services/auto-strategy/signal-provider.service.ts:215:25

  console.log
    Zeus AI signal received for R_100: {
      type: 'DIGITOVER',
      prediction: 6,
      confidence: 'high',
      direction: 'up'
    }

      at src/services/auto-strategy/signal-provider.service.ts:215:25

  console.log
    Zeus AI signal received for R_100: {
      type: 'DIGITOVER',
      prediction: 6,
      confidence: 'high',
      direction: 'up'
    }

      at src/services/auto-strategy/signal-provider.service.ts:215:25

  console.log
    Zeus AI signal received for R_100: {
      type: 'DIGITOVER',
      prediction: 6,
      confidence: 'high',
      direction: 'up'
    }

      at src/services/auto-strategy/signal-provider.service.ts:215:25

  console.log
    Zeus AI signal received for R_100: {
      type: 'DIGITOVER',
      prediction: 6,
      confidence: 'high',
      direction: 'up'
    }

      at src/services/auto-strategy/signal-provider.service.ts:215:25

  console.log
    Zeus AI signal received for R_100: {
      type: 'DIGITOVER',
      prediction: 6,
      confidence: 'high',
      direction: 'up'
    }

      at src/services/auto-strategy/signal-provider.service.ts:215:25

  console.log
    Zeus AI signal received for R_100: {
      type: 'DIGITOVER',
      prediction: 6,
      confidence: 'high',
      direction: 'up'
    }

      at src/services/auto-strategy/signal-provider.service.ts:215:25

  console.log
    Zeus AI signal received for R_100: {
      type: 'DIGITOVER',
      prediction: 6,
      confidence: 'high',
      direction: 'up'
    }

      at src/services/auto-strategy/signal-provider.service.ts:215:25

  console.log
    Zeus AI signal received for R_100: {
      type: 'DIGITOVER',
      prediction: 6,
      confidence: 'high',
      direction: 'up'
    }

      at src/services/auto-strategy/signal-provider.service.ts:215:25

  console.log
    Zeus AI signal received for R_100: {
      type: 'DIGITOVER',
      prediction: 6,
      confidence: 'high',
      direction: 'up'
    }

      at src/services/auto-strategy/signal-provider.service.ts:215:25

  console.log
    Zeus AI signal received for R_100: {
      type: 'DIGITOVER',
      prediction: 6,
      confidence: 'high',
      direction: 'up'
    }

      at src/services/auto-strategy/signal-provider.service.ts:215:25

  console.log
    Zeus AI signal received for R_100: {
      type: 'DIGITOVER',
      prediction: 6,
      confidence: 'high',
      direction: 'up'
    }

      at src/services/auto-strategy/signal-provider.service.ts:215:25

  console.log
    Zeus AI signal received for R_100: {
      type: 'DIGITOVER',
      prediction: 6,
      confidence: 'high',
      direction: 'up'
    }

      at src/services/auto-strategy/signal-provider.service.ts:215:25

  console.log
    Zeus AI signal received for R_100: {
      type: 'DIGITOVER',
      prediction: 6,
      confidence: 'high',
      direction: 'up'
    }

      at src/services/auto-strategy/signal-provider.service.ts:215:25

  console.log
    Zeus AI signal received for R_100: {
      type: 'DIGITOVER',
      prediction: 6,
      confidence: 'high',
      direction: 'up'
    }

      at src/services/auto-strategy/signal-provider.service.ts:215:25

  console.log
    Zeus AI signal received for R_100: {
      type: 'DIGITOVER',
      prediction: 6,
      confidence: 'high',
      direction: 'up'
    }

      at src/services/auto-strategy/signal-provider.service.ts:215:25

  console.log
    Zeus AI signal received for R_100: {
      type: 'DIGITOVER',
      prediction: 6,
      confidence: 'high',
      direction: 'up'
    }

      at src/services/auto-strategy/signal-provider.service.ts:215:25

  console.log
    Zeus AI signal received for R_100: {
      type: 'DIGITOVER',
      prediction: 7,
      confidence: 'high',
      direction: 'up'
    }

      at src/services/auto-strategy/signal-provider.service.ts:215:25

  console.log
    Zeus AI signal received for R_100: {
      type: 'DIGITOVER',
      prediction: 7,
      confidence: 'high',
      direction: 'up'
    }

      at src/services/auto-strategy/signal-provider.service.ts:215:25

  console.log
    Zeus AI signal received for R_100: {
      type: 'DIGITOVER',
      prediction: 7,
      confidence: 'high',
      direction: 'up'
    }

      at src/services/auto-strategy/signal-provider.service.ts:215:25

  console.log
    Zeus AI signal received for R_100: {
      type: 'DIGITOVER',
      prediction: 7,
      confidence: 'high',
      direction: 'up'
    }

      at src/services/auto-strategy/signal-provider.service.ts:215:25

  console.log
    Zeus AI signal received for R_100: {
      type: 'DIGITOVER',
      prediction: 7,
      confidence: 'high',
      direction: 'up'
    }

      at src/services/auto-strategy/signal-provider.service.ts:215:25

  console.log
    Zeus AI signal received for R_100: {
      type: 'DIGITOVER',
      prediction: 7,
      confidence: 'high',
      direction: 'up'
    }

      at src/services/auto-strategy/signal-provider.service.ts:215:25

  console.log
    Zeus AI signal received for R_100: {
      type: 'DIGITOVER',
      prediction: 7,
      confidence: 'high',
      direction: 'up'
    }

      at src/services/auto-strategy/signal-provider.service.ts:215:25

  console.log
    Zeus AI signal received for R_100: {
      type: 'DIGITOVER',
      prediction: 7,
      confidence: 'high',
      direction: 'up'
    }

      at src/services/auto-strategy/signal-provider.service.ts:215:25

  console.log
    Zeus AI signal received for R_100: {
      type: 'DIGITOVER',
      prediction: 7,
      confidence: 'high',
      direction: 'up'
    }

      at src/services/auto-strategy/signal-provider.service.ts:215:25

  console.log
    Zeus AI signal received for R_100: {
      type: 'DIGITOVER',
      prediction: 7,
      confidence: 'high',
      direction: 'up'
    }

      at src/services/auto-strategy/signal-provider.service.ts:215:25

  console.log
    Zeus AI signal received for R_100: {
      type: 'DIGITOVER',
      prediction: 7,
      confidence: 'high',
      direction: 'up'
    }

      at src/services/auto-strategy/signal-provider.service.ts:215:25

  console.log
    Zeus AI signal received for R_100: {
      type: 'DIGITOVER',
      prediction: 7,
      confidence: 'high',
      direction: 'up'
    }

      at src/services/auto-strategy/signal-provider.service.ts:215:25

  console.log
    Zeus AI signal received for R_100: {
      type: 'DIGITOVER',
      prediction: 7,
      confidence: 'high',
      direction: 'up'
    }

      at src/services/auto-strategy/signal-provider.service.ts:215:25

  console.log
    Zeus AI signal received for R_100: {
      type: 'DIGITOVER',
      prediction: 7,
      confidence: 'high',
      direction: 'up'
    }

      at src/services/auto-strategy/signal-provider.service.ts:215:25

  console.log
    Zeus AI signal received for R_100: {
      type: 'DIGITOVER',
      prediction: 7,
      confidence: 'high',
      direction: 'up'
    }

      at src/services/auto-strategy/signal-provider.service.ts:215:25

  console.log
    Zeus AI signal received for R_100: {
      type: 'DIGITOVER',
      prediction: 7,
      confidence: 'high',
      direction: 'up'
    }

      at src/services/auto-strategy/signal-provider.service.ts:215:25

  console.log
    Zeus AI signal received for R_100: {
      type: 'DIGITOVER',
      prediction: 7,
      confidence: 'high',
      direction: 'up'
    }

      at src/services/auto-strategy/signal-provider.service.ts:215:25

  console.log
    Zeus AI signal received for R_100: {
      type: 'DIGITOVER',
      prediction: 7,
      confidence: 'high',
      direction: 'up'
    }

      at src/services/auto-strategy/signal-provider.service.ts:215:25

  console.log
    Zeus AI signal received for R_100: {
      type: 'DIGITOVER',
      prediction: 7,
      confidence: 'high',
      direction: 'up'
    }

      at src/services/auto-strategy/signal-provider.service.ts:215:25

  console.log
    Zeus AI signal received for R_100: {
      type: 'DIGITOVER',
      prediction: 7,
      confidence: 'high',
      direction: 'up'
    }

      at src/services/auto-strategy/signal-provider.service.ts:215:25

  console.log
    Zeus AI signal received for R_100: {
      type: 'DIGITOVER',
      prediction: 7,
      confidence: 'high',
      direction: 'up'
    }

      at src/services/auto-strategy/signal-provider.service.ts:215:25

  console.log
    Zeus AI signal received for R_100: {
      type: 'DIGITOVER',
      prediction: 7,
      confidence: 'high',
      direction: 'up'
    }

      at src/services/auto-strategy/signal-provider.service.ts:215:25

  console.log
    Zeus AI signal received for R_100: {
      type: 'DIGITOVER',
      prediction: 7,
      confidence: 'high',
      direction: 'up'
    }

      at src/services/auto-strategy/signal-provider.service.ts:215:25

  console.log
    Zeus AI signal received for R_100: {
      type: 'DIGITOVER',
      prediction: 7,
      confidence: 'high',
      direction: 'up'
    }

      at src/services/auto-strategy/signal-provider.service.ts:215:25

  console.log
    Zeus AI signal received for R_100: {
      type: 'DIGITOVER',
      prediction: 7,
      confidence: 'high',
      direction: 'up'
    }

      at src/services/auto-strategy/signal-provider.service.ts:215:25

  console.log
    Zeus AI signal received for R_100: {
      type: 'DIGITOVER',
      prediction: 7,
      confidence: 'high',
      direction: 'up'
    }

      at src/services/auto-strategy/signal-provider.service.ts:215:25

  console.log
    Zeus AI signal received for R_100: {
      type: 'DIGITOVER',
      prediction: 7,
      confidence: 'high',
      direction: 'up'
    }

      at src/services/auto-strategy/signal-provider.service.ts:215:25

  console.log
    Zeus AI signal received for R_100: {
      type: 'DIGITOVER',
      prediction: 7,
      confidence: 'high',
      direction: 'up'
    }

      at src/services/auto-strategy/signal-provider.service.ts:215:25

  console.log
    Zeus AI signal received for R_100: {
      type: 'DIGITOVER',
      prediction: 7,
      confidence: 'high',
      direction: 'up'
    }

      at src/services/auto-strategy/signal-provider.service.ts:215:25

  console.log
    Zeus AI signal received for R_100: {
      type: 'DIGITOVER',
      prediction: 7,
      confidence: 'high',
      direction: 'up'
    }

      at src/services/auto-strategy/signal-provider.service.ts:215:25

  console.log
    Zeus AI signal received for R_100: {
      type: 'DIGITOVER',
      prediction: 7,
      confidence: 'high',
      direction: 'up'
    }

      at src/services/auto-strategy/signal-provider.service.ts:215:25

  console.log
    Zeus AI signal received for R_100: {
      type: 'DIGITOVER',
      prediction: 7,
      confidence: 'high',
      direction: 'up'
    }

      at src/services/auto-strategy/signal-provider.service.ts:215:25

  console.log
    Zeus AI signal received for R_100: {
      type: 'DIGITOVER',
      prediction: 7,
      confidence: 'high',
      direction: 'up'
    }

      at src/services/auto-strategy/signal-provider.service.ts:215:25

  console.log
    Zeus AI signal received for R_100: {
      type: 'DIGITOVER',
      prediction: 7,
      confidence: 'high',
      direction: 'up'
    }

      at src/services/auto-strategy/signal-provider.service.ts:215:25

  console.log
    Zeus AI signal received for R_100: {
      type: 'DIGITOVER',
      prediction: 7,
      confidence: 'high',
      direction: 'up'
    }

      at src/services/auto-strategy/signal-provider.service.ts:215:25

  console.log
    Zeus AI signal received for R_100: {
      type: 'DIGITOVER',
      prediction: 7,
      confidence: 'high',
      direction: 'up'
    }

      at src/services/auto-strategy/signal-provider.service.ts:215:25

  console.log
    Zeus AI signal received for R_100: {
      type: 'DIGITOVER',
      prediction: 7,
      confidence: 'high',
      direction: 'up'
    }

      at src/services/auto-strategy/signal-provider.service.ts:215:25

  console.log
    Zeus AI signal received for R_50: {
      type: 'DIGITUNDER',
      prediction: 2,
      confidence: 'low',
      direction: 'down'
    }

      at src/services/auto-strategy/signal-provider.service.ts:215:25

  console.log
    Zeus AI signal received for R_50: {
      type: 'DIGITUNDER',
      prediction: 2,
      confidence: 'low',
      direction: 'down'
    }

      at src/services/auto-strategy/signal-provider.service.ts:215:25

  console.log
    Zeus AI signal received for R_50: {
      type: 'DIGITUNDER',
      prediction: 2,
      confidence: 'low',
      direction: 'down'
    }

      at src/services/auto-strategy/signal-provider.service.ts:215:25

  console.log
    Zeus AI signal received for R_50: {
      type: 'DIGITUNDER',
      prediction: 2,
      confidence: 'low',
      direction: 'down'
    }

      at src/services/auto-strategy/signal-provider.service.ts:215:25

  console.log
    Zeus AI signal received for R_50: {
      type: 'DIGITUNDER',
      prediction: 2,
      confidence: 'low',
      direction: 'down'
    }

      at src/services/auto-strategy/signal-provider.service.ts:215:25

  console.log
    Zeus AI signal received for R_50: {
      type: 'DIGITUNDER',
      prediction: 2,
      confidence: 'low',
      direction: 'down'
    }

      at src/services/auto-strategy/signal-provider.service.ts:215:25

  console.log
    Zeus AI signal received for R_50: {
      type: 'DIGITUNDER',
      prediction: 2,
      confidence: 'low',
      direction: 'down'
    }

      at src/services/auto-strategy/signal-provider.service.ts:215:25

  console.log
    Zeus AI signal received for R_50: {
      type: 'DIGITUNDER',
      prediction: 2,
      confidence: 'low',
      direction: 'down'
    }

      at src/services/auto-strategy/signal-provider.service.ts:215:25

  console.log
    Zeus AI signal received for R_50: {
      type: 'DIGITUNDER',
      prediction: 2,
      confidence: 'low',
      direction: 'down'
    }

      at src/services/auto-strategy/signal-provider.service.ts:215:25

  console.log
    Zeus AI signal received for R_50: {
      type: 'DIGITUNDER',
      prediction: 2,
      confidence: 'low',
      direction: 'down'
    }

      at src/services/auto-strategy/signal-provider.service.ts:215:25

  console.log
    Zeus AI signal received for R_50: {
      type: 'DIGITUNDER',
      prediction: 2,
      confidence: 'low',
      direction: 'down'
    }

      at src/services/auto-strategy/signal-provider.service.ts:215:25

  console.log
    Zeus AI signal received for R_50: {
      type: 'DIGITUNDER',
      prediction: 2,
      confidence: 'low',
      direction: 'down'
    }

      at src/services/auto-strategy/signal-provider.service.ts:215:25

  console.log
    Zeus AI signal received for R_50: {
      type: 'DIGITUNDER',
      prediction: 2,
      confidence: 'low',
      direction: 'down'
    }

      at src/services/auto-strategy/signal-provider.service.ts:215:25

  console.log
    Zeus AI signal received for R_50: {
      type: 'DIGITUNDER',
      prediction: 2,
      confidence: 'low',
      direction: 'down'
    }

      at src/services/auto-strategy/signal-provider.service.ts:215:25

  console.log
    Zeus AI signal received for R_50: {
      type: 'DIGITUNDER',
      prediction: 2,
      confidence: 'low',
      direction: 'down'
    }

      at src/services/auto-strategy/signal-provider.service.ts:215:25

  console.log
    Zeus AI signal received for R_50: {
      type: 'DIGITUNDER',
      prediction: 2,
      confidence: 'low',
      direction: 'down'
    }

      at src/services/auto-strategy/signal-provider.service.ts:215:25

  console.log
    Zeus AI signal received for R_50: {
      type: 'DIGITUNDER',
      prediction: 2,
      confidence: 'low',
      direction: 'down'
    }

      at src/services/auto-strategy/signal-provider.service.ts:215:25

  console.log
    Zeus AI signal received for R_50: {
      type: 'DIGITUNDER',
      prediction: 2,
      confidence: 'low',
      direction: 'down'
    }

      at src/services/auto-strategy/signal-provider.service.ts:215:25

  console.log
    Zeus AI signal received for R_50: {
      type: 'DIGITUNDER',
      prediction: 2,
      confidence: 'low',
      direction: 'down'
    }

      at src/services/auto-strategy/signal-provider.service.ts:215:25

  console.log
    Zeus AI signal received for R_50: {
      type: 'DIGITUNDER',
      prediction: 2,
      confidence: 'low',
      direction: 'down'
    }

      at src/services/auto-strategy/signal-provider.service.ts:215:25

  console.log
    Zeus AI signal received for R_50: {
      type: 'DIGITUNDER',
      prediction: 2,
      confidence: 'low',
      direction: 'down'
    }

      at src/services/auto-strategy/signal-provider.service.ts:215:25

  console.log
    Zeus AI signal received for R_50: {
      type: 'DIGITUNDER',
      prediction: 2,
      confidence: 'low',
      direction: 'down'
    }

      at src/services/auto-strategy/signal-provider.service.ts:215:25

  console.log
    Zeus AI signal received for R_50: {
      type: 'DIGITUNDER',
      prediction: 2,
      confidence: 'low',
      direction: 'down'
    }

      at src/services/auto-strategy/signal-provider.service.ts:215:25

  console.log
    Zeus AI signal received for R_50: {
      type: 'DIGITUNDER',
      prediction: 2,
      confidence: 'low',
      direction: 'down'
    }

      at src/services/auto-strategy/signal-provider.service.ts:215:25

  console.log
    Zeus AI signal received for R_50: {
      type: 'DIGITUNDER',
      prediction: 2,
      confidence: 'low',
      direction: 'down'
    }

      at src/services/auto-strategy/signal-provider.service.ts:215:25

  console.log
    Zeus AI signal received for R_50: {
      type: 'DIGITUNDER',
      prediction: 2,
      confidence: 'low',
      direction: 'down'
    }

      at src/services/auto-strategy/signal-provider.service.ts:215:25

  console.log
    Zeus AI signal received for R_50: {
      type: 'DIGITUNDER',
      prediction: 2,
      confidence: 'low',
      direction: 'down'
    }

      at src/services/auto-strategy/signal-provider.service.ts:215:25

  console.log
    Zeus AI signal received for R_50: {
      type: 'DIGITUNDER',
      prediction: 2,
      confidence: 'low',
      direction: 'down'
    }

      at src/services/auto-strategy/signal-provider.service.ts:215:25

  console.log
    Zeus AI signal received for R_50: {
      type: 'DIGITUNDER',
      prediction: 2,
      confidence: 'low',
      direction: 'down'
    }

      at src/services/auto-strategy/signal-provider.service.ts:215:25

  console.log
    Zeus AI signal received for R_50: {
      type: 'DIGITUNDER',
      prediction: 2,
      confidence: 'low',
      direction: 'down'
    }

      at src/services/auto-strategy/signal-provider.service.ts:215:25

  console.log
    Zeus AI signal received for R_50: {
      type: 'DIGITUNDER',
      prediction: 2,
      confidence: 'low',
      direction: 'down'
    }

      at src/services/auto-strategy/signal-provider.service.ts:215:25

  console.log
    Zeus AI signal received for R_50: {
      type: 'DIGITUNDER',
      prediction: 2,
      confidence: 'low',
      direction: 'down'
    }

      at src/services/auto-strategy/signal-provider.service.ts:215:25

  console.log
    Zeus AI signal received for R_50: {
      type: 'DIGITUNDER',
      prediction: 2,
      confidence: 'low',
      direction: 'down'
    }

      at src/services/auto-strategy/signal-provider.service.ts:215:25

  console.log
    Zeus AI signal received for R_50: {
      type: 'DIGITUNDER',
      prediction: 2,
      confidence: 'low',
      direction: 'down'
    }

      at src/services/auto-strategy/signal-provider.service.ts:215:25

  console.log
    Zeus AI signal received for R_50: {
      type: 'DIGITUNDER',
      prediction: 2,
      confidence: 'low',
      direction: 'down'
    }

      at src/services/auto-strategy/signal-provider.service.ts:215:25

  console.log
    Zeus AI signal received for R_50: {
      type: 'DIGITUNDER',
      prediction: 2,
      confidence: 'low',
      direction: 'down'
    }

      at src/services/auto-strategy/signal-provider.service.ts:215:25

  console.log
    Zeus AI signal received for R_50: {
      type: 'DIGITUNDER',
      prediction: 2,
      confidence: 'low',
      direction: 'down'
    }

      at src/services/auto-strategy/signal-provider.service.ts:215:25

  console.log
    CFX signal received for R_100: { direction: 'down', strength: 65, confidence: 70 }

      at src/services/auto-strategy/signal-provider.service.ts:327:25

  console.log
    CFX signal received for R_100: { direction: 'down', strength: 65, confidence: 70 }

      at src/services/auto-strategy/signal-provider.service.ts:327:25

  console.log
    CFX signal received for R_100: { direction: 'down', strength: 65, confidence: 70 }

      at src/services/auto-strategy/signal-provider.service.ts:327:25

  console.log
    CFX signal received for R_100: { direction: 'down', strength: 65, confidence: 70 }

      at src/services/auto-strategy/signal-provider.service.ts:327:25

  console.log
    CFX signal received for R_100: { direction: 'down', strength: 65, confidence: 70 }

      at src/services/auto-strategy/signal-provider.service.ts:327:25

  console.log
    CFX signal received for R_100: { direction: 'down', strength: 65, confidence: 70 }

      at src/services/auto-strategy/signal-provider.service.ts:327:25

  console.log
    CFX signal received for R_100: { direction: 'down', strength: 65, confidence: 70 }

      at src/services/auto-strategy/signal-provider.service.ts:327:25

  console.log
    CFX signal received for R_100: { direction: 'down', strength: 65, confidence: 70 }

      at src/services/auto-strategy/signal-provider.service.ts:327:25

  console.log
    CFX signal received for R_100: { direction: 'down', strength: 65, confidence: 70 }

      at src/services/auto-strategy/signal-provider.service.ts:327:25

  console.log
    CFX signal received for R_100: { direction: 'down', strength: 65, confidence: 70 }

      at src/services/auto-strategy/signal-provider.service.ts:327:25

  console.log
    CFX signal received for R_100: { direction: 'down', strength: 65, confidence: 70 }

      at src/services/auto-strategy/signal-provider.service.ts:327:25

  console.log
    CFX signal received for R_100: { direction: 'down', strength: 65, confidence: 70 }

      at src/services/auto-strategy/signal-provider.service.ts:327:25

  console.log
    CFX signal received for R_100: { direction: 'down', strength: 65, confidence: 70 }

      at src/services/auto-strategy/signal-provider.service.ts:327:25

  console.log
    CFX signal received for R_100: { direction: 'down', strength: 65, confidence: 70 }

      at src/services/auto-strategy/signal-provider.service.ts:327:25

  console.log
    CFX signal received for R_100: { direction: 'down', strength: 65, confidence: 70 }

      at src/services/auto-strategy/signal-provider.service.ts:327:25

  console.log
    CFX signal received for R_100: { direction: 'down', strength: 65, confidence: 70 }

      at src/services/auto-strategy/signal-provider.service.ts:327:25

  console.log
    CFX signal received for R_100: { direction: 'down', strength: 65, confidence: 70 }

      at src/services/auto-strategy/signal-provider.service.ts:327:25

  console.log
    CFX signal received for R_100: { direction: 'down', strength: 65, confidence: 70 }

      at src/services/auto-strategy/signal-provider.service.ts:327:25

  console.log
    CFX signal received for R_100: { direction: 'down', strength: 65, confidence: 70 }

      at src/services/auto-strategy/signal-provider.service.ts:327:25

  console.log
    CFX signal received for R_100: { direction: 'down', strength: 65, confidence: 70 }

      at src/services/auto-strategy/signal-provider.service.ts:327:25

  console.log
    CFX signal received for R_100: { direction: 'down', strength: 65, confidence: 70 }

      at src/services/auto-strategy/signal-provider.service.ts:327:25

  console.log
    CFX signal received for R_100: { direction: 'down', strength: 65, confidence: 70 }

      at src/services/auto-strategy/signal-provider.service.ts:327:25

  console.log
    CFX signal received for R_100: { direction: 'down', strength: 65, confidence: 70 }

      at src/services/auto-strategy/signal-provider.service.ts:327:25

  console.error
    Error getting CFX data from API: Error: CFX error
        at Object.<anonymous> (C:\Users\user\Desktop\MrDeveloper\zeustradinghub\src\services\auto-strategy\__tests__\signal-provider.service.test.ts:633:27)
        at C:\Users\user\Desktop\MrDeveloper\zeustradinghub\node_modules\jest-mock\build\index.js:397:39
        at Object.<anonymous> (C:\Users\user\Desktop\MrDeveloper\zeustradinghub\node_modules\jest-mock\build\index.js:404:13)
        at Object.getSignal (C:\Users\user\Desktop\MrDeveloper\zeustradinghub\node_modules\jest-mock\build\index.js:148:19)
        at CFXSignalProvider.getCFXDataFromAPI (C:\Users\user\Desktop\MrDeveloper\zeustradinghub\src\services\auto-strategy\signal-provider.service.ts:394:32)
        at CFXSignalProvider.call (C:\Users\user\Desktop\MrDeveloper\zeustradinghub\src\services\auto-strategy\signal-provider.service.ts:344:34)
        at tryCatch (C:\Users\user\Desktop\MrDeveloper\zeustradinghub\src\services\auto-strategy\signal-provider.service.ts:2:1)
        at Generator._invoke (C:\Users\user\Desktop\MrDeveloper\zeustradinghub\src\services\auto-strategy\signal-provider.service.ts:2:1)
        at Generator.next (C:\Users\user\Desktop\MrDeveloper\zeustradinghub\src\services\auto-strategy\signal-provider.service.ts:2:1)
        at asyncGeneratorStep (C:\Users\user\Desktop\MrDeveloper\zeustradinghub\src\services\auto-strategy\signal-provider.service.ts:2:1)
        at _next (C:\Users\user\Desktop\MrDeveloper\zeustradinghub\src\services\auto-strategy\signal-provider.service.ts:2:1)
        at C:\Users\user\Desktop\MrDeveloper\zeustradinghub\src\services\auto-strategy\signal-provider.service.ts:2:1
        at new Promise (<anonymous>)
        at CFXSignalProvider.apply (C:\Users\user\Desktop\MrDeveloper\zeustradinghub\src\services\auto-strategy\signal-provider.service.ts:2:1)
        at CFXSignalProvider.fetchSignal (C:\Users\user\Desktop\MrDeveloper\zeustradinghub\src\services\auto-strategy\signal-provider.service.ts:338:22)
        at call (C:\Users\user\Desktop\MrDeveloper\zeustradinghub\src\services\auto-strategy\__tests__\signal-provider.service.test.ts:644:31)
        at tryCatch (C:\Users\user\Desktop\MrDeveloper\zeustradinghub\src\services\auto-strategy\__tests__\signal-provider.service.test.ts:2:1)
        at Generator._invoke (C:\Users\user\Desktop\MrDeveloper\zeustradinghub\src\services\auto-strategy\__tests__\signal-provider.service.test.ts:2:1)
        at Generator.next (C:\Users\user\Desktop\MrDeveloper\zeustradinghub\src\services\auto-strategy\__tests__\signal-provider.service.test.ts:2:1)
        at asyncGeneratorStep (C:\Users\user\Desktop\MrDeveloper\zeustradinghub\src\services\auto-strategy\__tests__\signal-provider.service.test.ts:2:1)
        at _next (C:\Users\user\Desktop\MrDeveloper\zeustradinghub\src\services\auto-strategy\__tests__\signal-provider.service.test.ts:2:1)
        at C:\Users\user\Desktop\MrDeveloper\zeustradinghub\src\services\auto-strategy\__tests__\signal-provider.service.test.ts:2:1
        at new Promise (<anonymous>)
        at Object.<anonymous> (C:\Users\user\Desktop\MrDeveloper\zeustradinghub\src\services\auto-strategy\__tests__\signal-provider.service.test.ts:2:1)
        at Promise.then.completed (C:\Users\user\Desktop\MrDeveloper\zeustradinghub\node_modules\jest-circus\build\utils.js:298:28)
        at new Promise (<anonymous>)
        at callAsyncCircusFn (C:\Users\user\Desktop\MrDeveloper\zeustradinghub\node_modules\jest-circus\build\utils.js:231:10)
        at _callCircusTest (C:\Users\user\Desktop\MrDeveloper\zeustradinghub\node_modules\jest-circus\build\run.js:316:40)
        at async _runTest (C:\Users\user\Desktop\MrDeveloper\zeustradinghub\node_modules\jest-circus\build\run.js:252:3)
        at async _runTestsForDescribeBlock (C:\Users\user\Desktop\MrDeveloper\zeustradinghub\node_modules\jest-circus\build\run.js:126:9)
        at async _runTestsForDescribeBlock (C:\Users\user\Desktop\MrDeveloper\zeustradinghub\node_modules\jest-circus\build\run.js:121:9)
        at async run (C:\Users\user\Desktop\MrDeveloper\zeustradinghub\node_modules\jest-circus\build\run.js:71:3)
        at async runAndTransformResultsToJestFormat (C:\Users\user\Desktop\MrDeveloper\zeustradinghub\node_modules\jest-circus\build\legacy-code-todo-rewrite\jestAdapterInit.js:122:21)
        at async jestAdapter (C:\Users\user\Desktop\MrDeveloper\zeustradinghub\node_modules\jest-circus\build\legacy-code-todo-rewrite\jestAdapter.js:79:19)
        at async runTestInternal (C:\Users\user\Desktop\MrDeveloper\zeustradinghub\node_modules\jest-runner\build\runTest.js:367:16)
        at async runTest (C:\Users\user\Desktop\MrDeveloper\zeustradinghub\node_modules\jest-runner\build\runTest.js:444:34)

    [0m [90m 404 |[39m             }[33m;[39m
     [90m 405 |[39m         } [36mcatch[39m (error) {
    [31m[1m>[22m[39m[90m 406 |[39m             console[33m.[39merror([32m'Error getting CFX data from API:'[39m[33m,[39m error)[33m;[39m
     [90m     |[39m                     [31m[1m^[22m[39m
     [90m 407 |[39m             [36mreturn[39m [36mnull[39m[33m;[39m
     [90m 408 |[39m         }
     [90m 409 |[39m     }[0m

      at CFXSignalProvider.getCFXDataFromAPI (src/services/auto-strategy/signal-provider.service.ts:406:21)
      at CFXSignalProvider.call (src/services/auto-strategy/signal-provider.service.ts:344:34)
      at tryCatch (src/services/auto-strategy/signal-provider.service.ts:2:1)
      at Generator._invoke (src/services/auto-strategy/signal-provider.service.ts:2:1)
      at Generator.next (src/services/auto-strategy/signal-provider.service.ts:2:1)
      at asyncGeneratorStep (src/services/auto-strategy/signal-provider.service.ts:2:1)
      at _next (src/services/auto-strategy/signal-provider.service.ts:2:1)
      at src/services/auto-strategy/signal-provider.service.ts:2:1
      at CFXSignalProvider.apply (src/services/auto-strategy/signal-provider.service.ts:2:1)
      at CFXSignalProvider.fetchSignal (src/services/auto-strategy/signal-provider.service.ts:338:22)
      at call (src/services/auto-strategy/__tests__/signal-provider.service.test.ts:644:31)
      at tryCatch (src/services/auto-strategy/__tests__/signal-provider.service.test.ts:2:1)
      at Generator._invoke (src/services/auto-strategy/__tests__/signal-provider.service.test.ts:2:1)
      at Generator.next (src/services/auto-strategy/__tests__/signal-provider.service.test.ts:2:1)
      at asyncGeneratorStep (src/services/auto-strategy/__tests__/signal-provider.service.test.ts:2:1)
      at _next (src/services/auto-strategy/__tests__/signal-provider.service.test.ts:2:1)
      at src/services/auto-strategy/__tests__/signal-provider.service.test.ts:2:1
      at Object.<anonymous> (src/services/auto-strategy/__tests__/signal-provider.service.test.ts:2:1)

FAIL src/services/auto-strategy/__tests__/signal-provider.service.test.ts
  SignalProviderManager
    Provider Registration
      ΓêÜ should register providers on initialization (5 ms)
      ΓêÜ should allow registering custom providers (1 ms)
    Signal Fetching
      ΓêÜ should fetch signals from all providers (6 ms)
      ΓêÜ should fetch signal from specific provider (2 ms)
      ΓêÜ should return null for unregistered provider (125 ms)
      ΓêÜ should handle provider fetch errors gracefully (22 ms)
    Signal Caching
      ΓêÜ should cache fetched signals (4 ms)
      ΓêÜ should mark signals as stale after cache TTL (4 ms)
      ΓêÜ should clear cache for specific provider and symbol (3 ms)
      ΓêÜ should clear all cache entries for a provider (2 ms)
      ΓêÜ should clear all cache (1 ms)
    Timeout Handling
      ΓêÜ should timeout if signal fetch takes too long (27 ms)
      ΓêÜ should handle multiple concurrent fetches with timeout (31 ms)
    Singleton Pattern
      ΓêÜ should return same instance from getSignalProviderManager (2 ms)
      ΓêÜ should reset singleton instance (2 ms)
  ZeusAISignalProvider
    ΓêÜ should have correct provider identifier (1 ms)
    ΓêÜ should check availability based on window object (1 ms)
    ΓêÜ should throw error when Zeus AI data is not available (2 ms)
    ΓêÜ should receive and store Zeus AI signals via custom events (149 ms)
    ΓêÜ should map DIGITOVER to Up direction (274 ms)
    ΓêÜ should map DIGITUNDER to Down direction (82 ms)
    ΓêÜ should map confidence levels correctly (217 ms)
    ΓêÜ should mark signals as stale after 60 seconds (101 ms)
    ΓêÜ should handle multiple markets independently (174 ms)
  CFXSignalProvider
    ΓêÜ should have correct provider identifier (1 ms)
    ΓêÜ should check availability based on window object (1 ms)
    ΓêÜ should throw error when CFX data is not available (2 ms)
    ΓêÜ should receive and store CFX signals via custom events (56 ms)
    ΓêÜ should fetch signal from window.cfx API when event not available (2 ms)
    ├ù should map direction strings correctly (1 ms)
    ├ù should normalize values to 0-100 range (1 ms)
    ├ù should mark signals as stale after 60 seconds
    ΓêÜ should handle errors when getting CFX data from API (9 ms)
    ├ù should handle multiple markets independently (1 ms)

  ΓùÅ CFXSignalProvider ΓÇ║ should map direction strings correctly

    TypeError: Cannot read properties of undefined (reading 'dispatchEvent')

    [0m [90m 577 |[39m             })[33m;[39m
     [90m 578 |[39m
    [31m[1m>[22m[39m[90m 579 |[39m             global[33m.[39mwindow[33m.[39mdispatchEvent(signalEvent)[33m;[39m
     [90m     |[39m                           [31m[1m^[22m[39m
     [90m 580 |[39m             [36mawait[39m [36mnew[39m [33mPromise[39m(resolve [33m=>[39m setTimeout(resolve[33m,[39m 
[35m10[39m))[33m;[39m
     [90m 581 |[39m
     [90m 582 |[39m             [36mconst[39m signal [33m=[39m [36mawait[39m provider[33m.[39mfetchSignal([32m'R_100'[39m)[33m;[39m[0m

      at call (src/services/auto-strategy/__tests__/signal-provider.service.test.ts:579:27)
      at tryCatch (src/services/auto-strategy/__tests__/signal-provider.service.test.ts:2:1)
      at Generator._invoke (src/services/auto-strategy/__tests__/signal-provider.service.test.ts:2:1)
      at Generator.next (src/services/auto-strategy/__tests__/signal-provider.service.test.ts:2:1)
      at asyncGeneratorStep (src/services/auto-strategy/__tests__/signal-provider.service.test.ts:2:1)
      at _next (src/services/auto-strategy/__tests__/signal-provider.service.test.ts:2:1)
      at src/services/auto-strategy/__tests__/signal-provider.service.test.ts:2:1
      at Object.<anonymous> (src/services/auto-strategy/__tests__/signal-provider.service.test.ts:2:1)

  ΓùÅ CFXSignalProvider ΓÇ║ should normalize values to 0-100 range

    TypeError: Cannot read properties of undefined (reading 'dispatchEvent')

    [0m [90m 596 |[39m         })[33m;[39m
     [90m 597 |[39m
    [31m[1m>[22m[39m[90m 598 |[39m         global[33m.[39mwindow[33m.[39mdispatchEvent(signalEvent)[33m;[39m
     [90m     |[39m                       [31m[1m^[22m[39m
     [90m 599 |[39m         [36mawait[39m [36mnew[39m [33mPromise[39m(resolve [33m=>[39m setTimeout(resolve[33m,[39m [35m10[39m))[33m;[39m
     [90m 600 |[39m
     [90m 601 |[39m         [36mconst[39m signal [33m=[39m [36mawait[39m provider[33m.[39mfetchSignal([32m'R_100'[39m)[33m;[39m[0m

      at call (src/services/auto-strategy/__tests__/signal-provider.service.test.ts:598:23)
      at tryCatch (src/services/auto-strategy/__tests__/signal-provider.service.test.ts:2:1)
      at Generator._invoke (src/services/auto-strategy/__tests__/signal-provider.service.test.ts:2:1)
      at Generator.next (src/services/auto-strategy/__tests__/signal-provider.service.test.ts:2:1)
      at asyncGeneratorStep (src/services/auto-strategy/__tests__/signal-provider.service.test.ts:2:1)
      at _next (src/services/auto-strategy/__tests__/signal-provider.service.test.ts:2:1)
      at src/services/auto-strategy/__tests__/signal-provider.service.test.ts:2:1
      at Object.<anonymous> (src/services/auto-strategy/__tests__/signal-provider.service.test.ts:2:1)

  ΓùÅ CFXSignalProvider ΓÇ║ should mark signals as stale after 60 seconds

    TypeError: Cannot read properties of undefined (reading 'dispatchEvent')

    [0m [90m 620 |[39m         })[33m;[39m
     [90m 621 |[39m
    [31m[1m>[22m[39m[90m 622 |[39m         global[33m.[39mwindow[33m.[39mdispatchEvent(signalEvent)[33m;[39m
     [90m     |[39m                       [31m[1m^[22m[39m
     [90m 623 |[39m         [36mawait[39m [36mnew[39m [33mPromise[39m(resolve [33m=>[39m setTimeout(resolve[33m,[39m [35m10[39m))[33m;[39m
     [90m 624 |[39m
     [90m 625 |[39m         [36mconst[39m signal [33m=[39m [36mawait[39m provider[33m.[39mfetchSignal([32m'R_100'[39m)[33m;[39m[0m

      at call (src/services/auto-strategy/__tests__/signal-provider.service.test.ts:622:23)
      at tryCatch (src/services/auto-strategy/__tests__/signal-provider.service.test.ts:2:1)
      at Generator._invoke (src/services/auto-strategy/__tests__/signal-provider.service.test.ts:2:1)
      at Generator.next (src/services/auto-strategy/__tests__/signal-provider.service.test.ts:2:1)
      at asyncGeneratorStep (src/services/auto-strategy/__tests__/signal-provider.service.test.ts:2:1)
      at _next (src/services/auto-strategy/__tests__/signal-provider.service.test.ts:2:1)
      at src/services/auto-strategy/__tests__/signal-provider.service.test.ts:2:1
      at Object.<anonymous> (src/services/auto-strategy/__tests__/signal-provider.service.test.ts:2:1)

  ΓùÅ CFXSignalProvider ΓÇ║ should handle multiple markets independently

    TypeError: Cannot read properties of undefined (reading 'dispatchEvent')

    [0m [90m 670 |[39m         })[33m;[39m
     [90m 671 |[39m
    [31m[1m>[22m[39m[90m 672 |[39m         global[33m.[39mwindow[33m.[39mdispatchEvent(signal1Event)[33m;[39m
     [90m     |[39m                       [31m[1m^[22m[39m
     [90m 673 |[39m         global[33m.[39mwindow[33m.[39mdispatchEvent(signal2Event)[33m;[39m
     [90m 674 |[39m         [36mawait[39m [36mnew[39m [33mPromise[39m(resolve [33m=>[39m setTimeout(resolve[33m,[39m [35m10[39m))[33m;[39m
     [90m 675 |[39m[0m

      at call (src/services/auto-strategy/__tests__/signal-provider.service.test.ts:672:23)
      at tryCatch (src/services/auto-strategy/__tests__/signal-provider.service.test.ts:2:1)
      at Generator._invoke (src/services/auto-strategy/__tests__/signal-provider.service.test.ts:2:1)
      at Generator.next (src/services/auto-strategy/__tests__/signal-provider.service.test.ts:2:1)
      at asyncGeneratorStep (src/services/auto-strategy/__tests__/signal-provider.service.test.ts:2:1)
      at _next (src/services/auto-strategy/__tests__/signal-provider.service.test.ts:2:1)
      at src/services/auto-strategy/__tests__/signal-provider.service.test.ts:2:1
      at Object.<anonymous> (src/services/auto-strategy/__tests__/signal-provider.service.test.ts:2:1)

-----------------------------|---------|----------|---------|---------|----------------------------------
File                         | % Stmts | % Branch | % Funcs | % Lines | Uncovered Line #s                
-----------------------------|---------|----------|---------|---------|----------------------------------
All files                    |   62.62 |    64.42 |      60 |   64.55 |                                  
 services/auto-strategy      |   92.53 |     77.9 |     100 |   92.42 |                                  
  signal-provider.service.ts |   92.53 |     77.9 |     100 |   92.42 | 75-80,94,198,266,281,385,396,421 
 types                       |       0 |        0 |       0 |       0 |                                  
  auto-strategy.types.ts     |       0 |        0 |       0 |       0 | 63-720                           
-----------------------------|---------|----------|---------|---------|----------------------------------
Test Suites: 1 failed, 1 total
Tests:       4 failed, 30 passed, 34 total
Snapshots:   0 total
Time:        4.578 s
Ran all test suites matching /signal-provider.service.test.ts/i.
